Archive member included to satisfy reference by file (symbol)

app/libapp.a(main.c.obj)      (--whole-archive)
zephyr/libzephyr.a(heap.c.obj)
                              (--whole-archive)
zephyr/libzephyr.a(cbprintf_packaged.c.obj)
                              (--whole-archive)
zephyr/libzephyr.a(printk.c.obj)
                              (--whole-archive)
zephyr/libzephyr.a(sem.c.obj)
                              (--whole-archive)
zephyr/libzephyr.a(thread_entry.c.obj)
                              (--whole-archive)
zephyr/libzephyr.a(cbprintf_complete.c.obj)
                              (--whole-archive)
zephyr/libzephyr.a(assert.c.obj)
                              (--whole-archive)
zephyr/libzephyr.a(dec.c.obj)
                              (--whole-archive)
zephyr/libzephyr.a(hex.c.obj)
                              (--whole-archive)
zephyr/libzephyr.a(rb.c.obj)  (--whole-archive)
zephyr/libzephyr.a(timeutil.c.obj)
                              (--whole-archive)
zephyr/libzephyr.a(bitarray.c.obj)
                              (--whole-archive)
zephyr/libzephyr.a(onoff.c.obj)
                              (--whole-archive)
zephyr/libzephyr.a(notify.c.obj)
                              (--whole-archive)
zephyr/libzephyr.a(configs.c.obj)
                              (--whole-archive)
zephyr/libzephyr.a(mem_attr.c.obj)
                              (--whole-archive)
zephyr/libzephyr.a(tracing_none.c.obj)
                              (--whole-archive)
zephyr/arch/common/libarch__common.a(sw_isr_common.c.obj)
                              (--whole-archive)
zephyr/arch/arch/arm/core/libarch__arm__core.a(fatal.c.obj)
                              (--whole-archive)
zephyr/arch/arch/arm/core/libarch__arm__core.a(nmi.c.obj)
                              (--whole-archive)
zephyr/arch/arch/arm/core/libarch__arm__core.a(nmi_on_reset.S.obj)
                              (--whole-archive)
zephyr/arch/arch/arm/core/libarch__arm__core.a(tls.c.obj)
                              (--whole-archive)
zephyr/arch/arch/arm/core/cortex_m/libarch__arm__core__cortex_m.a(exc_exit.c.obj)
                              (--whole-archive)
zephyr/arch/arch/arm/core/cortex_m/libarch__arm__core__cortex_m.a(fault.c.obj)
                              (--whole-archive)
zephyr/arch/arch/arm/core/cortex_m/libarch__arm__core__cortex_m.a(fault_s.S.obj)
                              (--whole-archive)
zephyr/arch/arch/arm/core/cortex_m/libarch__arm__core__cortex_m.a(fpu.c.obj)
                              (--whole-archive)
zephyr/arch/arch/arm/core/cortex_m/libarch__arm__core__cortex_m.a(reset.S.obj)
                              (--whole-archive)
zephyr/arch/arch/arm/core/cortex_m/libarch__arm__core__cortex_m.a(scb.c.obj)
                              (--whole-archive)
zephyr/arch/arch/arm/core/cortex_m/libarch__arm__core__cortex_m.a(thread_abort.c.obj)
                              (--whole-archive)
zephyr/arch/arch/arm/core/cortex_m/libarch__arm__core__cortex_m.a(vector_table.S.obj)
                              (--whole-archive)
zephyr/arch/arch/arm/core/cortex_m/libarch__arm__core__cortex_m.a(swap.c.obj)
                              (--whole-archive)
zephyr/arch/arch/arm/core/cortex_m/libarch__arm__core__cortex_m.a(swap_helper.S.obj)
                              (--whole-archive)
zephyr/arch/arch/arm/core/cortex_m/libarch__arm__core__cortex_m.a(irq_manage.c.obj)
                              (--whole-archive)
zephyr/arch/arch/arm/core/cortex_m/libarch__arm__core__cortex_m.a(prep_c.c.obj)
                              (--whole-archive)
zephyr/arch/arch/arm/core/cortex_m/libarch__arm__core__cortex_m.a(thread.c.obj)
                              (--whole-archive)
zephyr/arch/arch/arm/core/cortex_m/libarch__arm__core__cortex_m.a(cpu_idle.c.obj)
                              (--whole-archive)
zephyr/arch/arch/arm/core/cortex_m/libarch__arm__core__cortex_m.a(irq_init.c.obj)
                              (--whole-archive)
zephyr/arch/arch/arm/core/cortex_m/libarch__arm__core__cortex_m.a(isr_wrapper.c.obj)
                              (--whole-archive)
zephyr/arch/arch/arm/core/cortex_m/libarch__arm__core__cortex_m.a(__aeabi_read_tp.S.obj)
                              (--whole-archive)
zephyr/arch/arch/arm/core/cortex_m/cmse/libarch__arm__core__cortex_m__cmse.a(arm_core_cmse.c.obj)
                              (--whole-archive)
zephyr/arch/arch/arm/core/mpu/libarch__arm__core__mpu.a(arm_core_mpu.c.obj)
                              (--whole-archive)
zephyr/arch/arch/arm/core/mpu/libarch__arm__core__mpu.a(arm_mpu.c.obj)
                              (--whole-archive)
zephyr/arch/arch/arm/core/mpu/libarch__arm__core__mpu.a(arm_mpu_regions.c.obj)
                              (--whole-archive)
zephyr/lib/libc/picolibc/liblib__libc__picolibc.a(libc-hooks.c.obj)
                              (--whole-archive)
zephyr/lib/libc/common/liblib__libc__common.a(abort.c.obj)
                              (--whole-archive)
[...]
Memory Configuration

Name             Origin             Length             Attributes
FLASH            0x0000000000000000 0x0000000000100000 xr
RAM              0x0000000020000000 0x0000000000016000 xw
IDT_LIST         0x00000000ffff7fff 0x0000000000008000 xw
*default*        0x0000000000000000 0xffffffffffffffff

Linker script and memory map

                0x0000000000005d14                vfprintf = __l_vfprintf
                0x0000000000000000                vfscanf = __l_vfscanf
LOAD zephyr/CMakeFiles/zephyr_pre0.dir/misc/empty_file.c.obj
LOAD zephyr/CMakeFiles/offsets.dir/./arch/arm/core/offsets/offsets.c.obj
LOAD app/libapp.a
LOAD zephyr/libzephyr.a
LOAD zephyr/arch/common/libarch__common.a
LOAD zephyr/arch/arch/arm/core/libarch__arm__core.a
LOAD zephyr/arch/arch/arm/core/cortex_m/libarch__arm__core__cortex_m.a
LOAD zephyr/arch/arch/arm/core/cortex_m/cmse/libarch__arm__core__cortex_m__cmse.a
LOAD zephyr/arch/arch/arm/core/mpu/libarch__arm__core__mpu.a
LOAD zephyr/lib/libc/picolibc/liblib__libc__picolibc.a
LOAD zephyr/lib/libc/common/liblib__libc__common.a
LOAD zephyr/soc/soc/nrf9161/libsoc__nordic.a
LOAD zephyr/drivers/clock_control/libdrivers__clock_control.a
LOAD zephyr/drivers/console/libdrivers__console.a
LOAD zephyr/drivers/gpio/libdrivers__gpio.a
LOAD zephyr/drivers/pinctrl/libdrivers__pinctrl.a
LOAD zephyr/drivers/serial/libdrivers__serial.a
LOAD zephyr/drivers/timer/libdrivers__timer.a
LOAD modules/hal_nordic/nrfx/libmodules__hal_nordic__nrfx.a
LOAD zephyr/kernel/libkernel.a
LOAD zephyr/arch/common/libisr_tables.a
LOAD /opt/zephyr-sdk/arm-zephyr-eabi/bin/../lib/gcc/../../picolibc/arm-zephyr-eabi/lib/thumb/v8-m.main/nofp/libc.a
LOAD /opt/zephyr-sdk/arm-zephyr-eabi/bin/../lib/gcc/arm-zephyr-eabi/12.2.0/thumb/v8-m.main/nofp/libgcc.a
                0x0000000000000020                _region_min_align = 0x20

.rel.plt        0x0000000000000000        0x0
 *(SORT_BY_ALIGNMENT(.rel.plt))
                [!provide]                        PROVIDE (__rel_iplt_start = .)
 *(SORT_BY_ALIGNMENT(.rel.iplt))
 .rel.iplt      0x0000000000000000        0x0 app/libapp.a(main.c.obj)
                [!provide]                        PROVIDE (__rel_iplt_end = .)

.rela.plt       0x0000000000000000        0x0
 *(SORT_BY_ALIGNMENT(.rela.plt))
                [!provide]                        PROVIDE (__rela_iplt_start = .)
 *(SORT_BY_ALIGNMENT(.rela.iplt))
                [!provide]                        PROVIDE (__rela_iplt_end = .)

.rel.dyn
 *(SORT_BY_ALIGNMENT(.rel.*))

.rela.dyn
 *(SORT_BY_ALIGNMENT(.rela.*))

/DISCARD/
 *(SORT_BY_ALIGNMENT(.plt))

/DISCARD/
 *(SORT_BY_ALIGNMENT(.iplt))
                0x0000000000000000                __rom_region_start = 0x0

rom_start       0x0000000000000000      0x144
                0x0000000000000000                __rom_start_address = .
 FILL mask 0x00
                0x0000000000000000                . = (. + (0x0 - (. - __rom_start_address)))
                0x0000000000000000                . = ALIGN (0x4)
                0x0000000000000000                . = ALIGN (0x80)
                0x0000000000000000                . = ALIGN (0x200)
                0x0000000000000000                _vector_start = .
 *(SORT_BY_ALIGNMENT(.exc_vector_table))
 *(SORT_BY_ALIGNMENT(.exc_vector_table.*))
 .exc_vector_table._vector_table_section
                0x0000000000000000       0x40 zephyr/arch/arch/arm/core/cortex_m/libarch__arm__core__cortex_m.a(vector_table.S.obj)
                0x0000000000000000                _vector_table
 *(SORT_BY_ALIGNMENT(.vectors))
                0x0000000000000144                _vector_end = .
                0x0000000000000040                . = ALIGN (0x4)
 *(SORT_BY_ALIGNMENT(.gnu.linkonce.irq_vector_table*))
 .gnu.linkonce.irq_vector_table
                0x0000000000000040      0x104 zephyr/arch/common/libisr_tables.a(isr_tables.c.obj)
                0x0000000000000040                _irq_vector_table
                0x0000000000000144                _vector_end = .

text            0x0000000000000144     0x6abc
                0x0000000000000144                __text_region_start = .
 *(SORT_BY_ALIGNMENT(.text))
 .text          0x0000000000000144       0x30 /opt/zephyr-sdk/arm-zephyr-eabi/bin/../lib/gcc/arm-zephyr-eabi/12.2.0/thumb/v8-m.main/nofp/libgcc.a(_aeabi_uldivmod.o)
                0x0000000000000144                __aeabi_uldivmod
 .text          0x0000000000000174        0x4 /opt/zephyr-sdk/arm-zephyr-eabi/bin/../lib/gcc/arm-zephyr-eabi/12.2.0/thumb/v8-m.main/nofp/libgcc.a(_dvmd_tls.o)
                0x0000000000000174                __aeabi_ldiv0
                0x0000000000000174                __aeabi_idiv0
 .text          0x0000000000000178      0x29c /opt/zephyr-sdk/arm-zephyr-eabi/bin/../lib/gcc/arm-zephyr-eabi/12.2.0/thumb/v8-m.main/nofp/libgcc.a(_udivmoddi4.o)
                0x0000000000000178                __udivmoddi4
 *(SORT_BY_ALIGNMENT(.text.*))
 .text.z_impl_gpio_pin_configure
                0x0000000000000414      0x164 app/libapp.a(main.c.obj)
 .text.button_pressed
                0x0000000000000578       0x18 app/libapp.a(main.c.obj)
                0x0000000000000578                button_pressed
 .text.uart_out
                0x0000000000000590       0x30 app/libapp.a(main.c.obj)
                0x0000000000000590                uart_out
 .text.btn      0x00000000000005c0      0x148 app/libapp.a(main.c.obj)
                0x00000000000005c0                btn
 .text.blink    0x0000000000000708      0x128 app/libapp.a(main.c.obj)
                0x0000000000000708                blink
 .text.blink0   0x0000000000000830       0x10 app/libapp.a(main.c.obj)
                0x0000000000000830                blink0
 .text.blink1   0x0000000000000840       0x14 app/libapp.a(main.c.obj)
                0x0000000000000840                blink1
 .text.sys_heap_free
                0x0000000000000854       0x8c zephyr/libzephyr.a(heap.c.obj)
                0x0000000000000854                sys_heap_free
 .text.sys_heap_aligned_alloc
                0x00000000000008e0      0x104 zephyr/libzephyr.a(heap.c.obj)
                0x00000000000008e0                sys_heap_aligned_alloc
 .text.sys_heap_init
                0x00000000000009e4      0x11c zephyr/libzephyr.a(heap.c.obj)
                0x00000000000009e4                sys_heap_init
 .text.char_out
                0x0000000000000b00        0xc zephyr/libzephyr.a(printk.c.obj)
 .text.__printk_hook_install
                0x0000000000000b0c        0xc zephyr/libzephyr.a(printk.c.obj)
                0x0000000000000b0c                __printk_hook_install
 .text.vprintk  0x0000000000000b18       0x30 zephyr/libzephyr.a(printk.c.obj)
                0x0000000000000b18                vprintk
 .text.z_thread_entry
                0x0000000000000b48       0x34 zephyr/libzephyr.a(thread_entry.c.obj)
                0x0000000000000b48                z_thread_entry
 .text.process_event
                0x0000000000000b7c      0x3ac zephyr/libzephyr.a(onoff.c.obj)
 .text.transition_complete
                0x0000000000000f28       0x64 zephyr/libzephyr.a(onoff.c.obj)
 .text.onoff_request
                0x0000000000000f8c      0x130 zephyr/libzephyr.a(onoff.c.obj)
                0x0000000000000f8c                onoff_request
 .text.sys_notify_finalize
                0x00000000000010bc       0x40 zephyr/libzephyr.a(notify.c.obj)
                0x00000000000010bc                sys_notify_finalize
 .text.mem_attr_get_regions
                0x00000000000010fc        0xc zephyr/libzephyr.a(mem_attr.c.obj)
                0x00000000000010fc                mem_attr_get_regions
 .text.z_SysNmiOnReset
                0x0000000000001108        0x8 zephyr/arch/arch/arm/core/libarch__arm__core.a(nmi_on_reset.S.obj)
                0x0000000000001108                z_SysNmiOnReset
 .text.arch_tls_stack_setup
                0x0000000000001110       0x40 zephyr/arch/arch/arm/core/libarch__arm__core.a(tls.c.obj)
                0x0000000000001110                arch_tls_stack_setup
 .text._HandlerModeExit
                0x0000000000001150       0x28 zephyr/arch/arch/arm/core/cortex_m/libarch__arm__core__cortex_m.a(exc_exit.c.obj)
                0x0000000000001150                z_arm_exc_exit
                0x0000000000001150                z_arm_int_exit
 .text.usage_fault.constprop.0
                0x0000000000001178       0x5c zephyr/arch/arch/arm/core/cortex_m/libarch__arm__core__cortex_m.a(fault.c.obj)
 .text.bus_fault.constprop.0
                0x00000000000011d4       0x6c zephyr/arch/arch/arm/core/cortex_m/libarch__arm__core__cortex_m.a(fault.c.obj)
 .text.mem_manage_fault.constprop.0
                0x0000000000001240       0xb0 zephyr/arch/arch/arm/core/cortex_m/libarch__arm__core__cortex_m.a(fault.c.obj)
 .text.z_arm_fault
                0x00000000000012f0      0x198 zephyr/arch/arch/arm/core/cortex_m/libarch__arm__core__cortex_m.a(fault.c.obj)
                0x00000000000012f0                z_arm_fault
 .text.z_arm_fault_init
                0x0000000000001488       0x20 zephyr/arch/arch/arm/core/cortex_m/libarch__arm__core__cortex_m.a(fault.c.obj)
                0x0000000000001488                z_arm_fault_init
 .text.__fault  0x00000000000014a8       0x14 zephyr/arch/arch/arm/core/cortex_m/libarch__arm__core__cortex_m.a(fault_s.S.obj)
                0x00000000000014a8                z_arm_bus_fault
                0x00000000000014a8                z_arm_usage_fault
                0x00000000000014a8                z_arm_mpu_fault
                0x00000000000014a8                z_arm_exc_spurious
                0x00000000000014a8                z_arm_debug_monitor
                0x00000000000014a8                z_arm_hard_fault
 .text._reset_section
                0x00000000000014bc       0x30 zephyr/arch/arch/arm/core/cortex_m/libarch__arm__core__cortex_m.a(reset.S.obj)
                0x00000000000014bc                z_arm_reset
                0x00000000000014bc                __start
 .text.z_impl_k_thread_abort
                0x00000000000014ec       0x2c zephyr/arch/arch/arm/core/cortex_m/libarch__arm__core__cortex_m.a(thread_abort.c.obj)
                0x00000000000014ec                z_impl_k_thread_abort
 .text.arch_swap
                0x0000000000001518       0x30 zephyr/arch/arch/arm/core/cortex_m/libarch__arm__core__cortex_m.a(swap.c.obj)
                0x0000000000001518                arch_swap
 .text.z_arm_pendsv
                0x0000000000001548       0x68 zephyr/arch/arch/arm/core/cortex_m/libarch__arm__core__cortex_m.a(swap_helper.S.obj)
                0x0000000000001548                z_arm_pendsv
 .text.z_arm_svc
                0x00000000000015b0       0x20 zephyr/arch/arch/arm/core/cortex_m/libarch__arm__core__cortex_m.a(swap_helper.S.obj)
                0x00000000000015b0                z_arm_svc
 .text.arch_irq_enable
                0x00000000000015d0       0x1c zephyr/arch/arch/arm/core/cortex_m/libarch__arm__core__cortex_m.a(irq_manage.c.obj)
                0x00000000000015d0                arch_irq_enable
 .text.arch_irq_is_enabled
                0x00000000000015ec       0x1c zephyr/arch/arch/arm/core/cortex_m/libarch__arm__core__cortex_m.a(irq_manage.c.obj)
                0x00000000000015ec                arch_irq_is_enabled
 .text.z_arm_irq_priority_set
                0x0000000000001608       0x64 zephyr/arch/arch/arm/core/cortex_m/libarch__arm__core__cortex_m.a(irq_manage.c.obj)
                0x0000000000001608                z_arm_irq_priority_set
 .text.z_prep_c
                0x000000000000166c       0x48 zephyr/arch/arch/arm/core/cortex_m/libarch__arm__core__cortex_m.a(prep_c.c.obj)
                0x000000000000166c                z_prep_c
 .text.arch_new_thread
                0x00000000000016b4       0x38 zephyr/arch/arch/arm/core/cortex_m/libarch__arm__core__cortex_m.a(thread.c.obj)
                0x00000000000016b4                arch_new_thread
 .text.arch_switch_to_main_thread
                0x00000000000016ec       0x48 zephyr/arch/arch/arm/core/cortex_m/libarch__arm__core__cortex_m.a(thread.c.obj)
                0x00000000000016ec                arch_switch_to_main_thread
 .text.z_arm_cpu_idle_init
                0x0000000000001734        0xc zephyr/arch/arch/arm/core/cortex_m/libarch__arm__core__cortex_m.a(cpu_idle.c.obj)
                0x0000000000001734                z_arm_cpu_idle_init
 .text.z_arm_interrupt_init
                0x0000000000001740       0x18 zephyr/arch/arch/arm/core/cortex_m/libarch__arm__core__cortex_m.a(irq_init.c.obj)
                0x0000000000001740                z_arm_interrupt_init
 .text._isr_wrapper
                0x0000000000001758       0x24 zephyr/arch/arch/arm/core/cortex_m/libarch__arm__core__cortex_m.a(isr_wrapper.c.obj)
                0x0000000000001758                _isr_wrapper
 .text.z_arm_configure_static_mpu_regions
                0x000000000000177c       0x38 zephyr/arch/arch/arm/core/mpu/libarch__arm__core__mpu.a(arm_core_mpu.c.obj)
                0x000000000000177c                z_arm_configure_static_mpu_regions
 .text.region_init
                0x00000000000017b4       0x34 zephyr/arch/arch/arm/core/mpu/libarch__arm__core__mpu.a(arm_mpu.c.obj)
 .text.region_allocate_and_init
                0x00000000000017e8       0x24 zephyr/arch/arch/arm/core/mpu/libarch__arm__core__mpu.a(arm_mpu.c.obj)
 .text.mpu_configure_regions_and_partition.constprop.0
                0x000000000000180c      0x148 zephyr/arch/arch/arm/core/mpu/libarch__arm__core__mpu.a(arm_mpu.c.obj)
 .text.arm_core_mpu_enable
                0x0000000000001954       0x18 zephyr/arch/arch/arm/core/mpu/libarch__arm__core__mpu.a(arm_mpu.c.obj)
                0x0000000000001954                arm_core_mpu_enable
 .text.arm_core_mpu_disable
                0x000000000000196c       0x14 zephyr/arch/arch/arm/core/mpu/libarch__arm__core__mpu.a(arm_mpu.c.obj)
                0x000000000000196c                arm_core_mpu_disable
 .text.arm_core_mpu_configure_static_mpu_regions
                0x0000000000001980       0x48 zephyr/arch/arch/arm/core/mpu/libarch__arm__core__mpu.a(arm_mpu.c.obj)
                0x0000000000001980                arm_core_mpu_configure_static_mpu_regions
 .text.arm_core_mpu_mark_areas_for_dynamic_regions
                0x00000000000019c8       0xe8 zephyr/arch/arch/arm/core/mpu/libarch__arm__core__mpu.a(arm_mpu.c.obj)
                0x00000000000019c8                arm_core_mpu_mark_areas_for_dynamic_regions
 .text.z_arm_mpu_init
                0x0000000000001ab0      0x194 zephyr/arch/arch/arm/core/mpu/libarch__arm__core__mpu.a(arm_mpu.c.obj)
                0x0000000000001ab0                z_arm_mpu_init
 .text.z_impl_zephyr_fputc
                0x0000000000001c44       0x10 zephyr/lib/libc/picolibc/liblib__libc__picolibc.a(libc-hooks.c.obj)
                0x0000000000001c44                z_impl_zephyr_fputc
 .text.__stdout_hook_install
                0x0000000000001c54       0x18 zephyr/lib/libc/picolibc/liblib__libc__picolibc.a(libc-hooks.c.obj)
                0x0000000000001c54                __stdout_hook_install
 .text.malloc_prepare
                0x0000000000001c6c       0x24 zephyr/lib/libc/common/liblib__libc__common.a(malloc.c.obj)
 .text.nordicsemi_nrf91_init
                0x0000000000001c90       0x10 zephyr/soc/soc/nrf9161/libsoc__nordic.a(soc.c.obj)
 .text.arch_busy_wait
                0x0000000000001ca0       0x14 zephyr/soc/soc/nrf9161/libsoc__nordic.a(soc.c.obj)
                0x0000000000001ca0                arch_busy_wait
 .text.onoff_start
                0x0000000000001cb4       0x3c zephyr/drivers/clock_control/libdrivers__clock_control.a(clock_control_nrf.c.obj)
 .text.get_status
                0x0000000000001cf0       0x38 zephyr/drivers/clock_control/libdrivers__clock_control.a(clock_control_nrf.c.obj)
 .text.stop     0x0000000000001d28       0x7c zephyr/drivers/clock_control/libdrivers__clock_control.a(clock_control_nrf.c.obj)
 .text.onoff_stop
                0x0000000000001da4       0x28 zephyr/drivers/clock_control/libdrivers__clock_control.a(clock_control_nrf.c.obj)
 .text.clk_init
                0x0000000000001dcc       0x58 zephyr/drivers/clock_control/libdrivers__clock_control.a(clock_control_nrf.c.obj)
 .text.api_blocking_start
                0x0000000000001e24       0x34 zephyr/drivers/clock_control/libdrivers__clock_control.a(clock_control_nrf.c.obj)
 .text.generic_hfclk_stop
                0x0000000000001e58       0x34 zephyr/drivers/clock_control/libdrivers__clock_control.a(clock_control_nrf.c.obj)
 .text.clkstarted_handle.constprop.0
                0x0000000000001e8c       0x4c zephyr/drivers/clock_control/libdrivers__clock_control.a(clock_control_nrf.c.obj)
 .text.clock_event_handler
                0x0000000000001ed8       0x5c zephyr/drivers/clock_control/libdrivers__clock_control.a(clock_control_nrf.c.obj)
 .text.generic_hfclk_start
                0x0000000000001f34       0x78 zephyr/drivers/clock_control/libdrivers__clock_control.a(clock_control_nrf.c.obj)
 .text.z_nrf_clock_control_lf_on
                0x0000000000001fac      0x13c zephyr/drivers/clock_control/libdrivers__clock_control.a(clock_control_nrf.c.obj)
                0x0000000000001fac                z_nrf_clock_control_lf_on
 .text.uart_console_init
                0x00000000000020e8       0x28 zephyr/drivers/console/libdrivers__console.a(uart_console.c.obj)
 .text.console_out
                0x0000000000002110       0x28 zephyr/drivers/console/libdrivers__console.a(uart_console.c.obj)
 .text.gpio_nrfx_manage_callback
                0x0000000000002138       0xa0 zephyr/drivers/gpio/libdrivers__gpio.a(gpio_nrfx.c.obj)
 .text.gpio_nrfx_init
                0x00000000000021d8       0x48 zephyr/drivers/gpio/libdrivers__gpio.a(gpio_nrfx.c.obj)
 .text.nrf_gpio_pin_port_decode
                0x0000000000002220       0x40 zephyr/drivers/gpio/libdrivers__gpio.a(gpio_nrfx.c.obj)
 .text.gpio_nrfx_pin_interrupt_configure
                0x0000000000002260       0xe4 zephyr/drivers/gpio/libdrivers__gpio.a(gpio_nrfx.c.obj)
 .text.nrfx_gpio_handler
                0x0000000000002344       0x68 zephyr/drivers/gpio/libdrivers__gpio.a(gpio_nrfx.c.obj)
 .text.gpio_nrfx_pin_configure
                0x00000000000023ac      0x194 zephyr/drivers/gpio/libdrivers__gpio.a(gpio_nrfx.c.obj)
 .text.nrf_gpio_pin_port_decode
                0x0000000000002540       0x40 zephyr/drivers/pinctrl/libdrivers__pinctrl.a(pinctrl_nrf.c.obj)
 .text.pinctrl_configure_pins
                0x0000000000002580      0x160 zephyr/drivers/pinctrl/libdrivers__pinctrl.a(pinctrl_nrf.c.obj)
                0x0000000000002580                pinctrl_configure_pins
 .text.uarte_nrfx_poll_out
                0x00000000000026e0       0xb4 zephyr/drivers/serial/libdrivers__serial.a(uart_nrfx_uarte.c.obj)
 .text.uarte_instance_init.constprop.0
                0x0000000000002794       0xf8 zephyr/drivers/serial/libdrivers__serial.a(uart_nrfx_uarte.c.obj)
 .text.sys_clock_timeout_handler
                0x000000000000288c       0x48 zephyr/drivers/timer/libdrivers__timer.a(nrf_rtc_timer.c.obj)
 .text.z_nrf_rtc_timer_read
                0x00000000000028d4       0x44 zephyr/drivers/timer/libdrivers__timer.a(nrf_rtc_timer.c.obj)
                0x00000000000028d4                z_nrf_rtc_timer_read
 .text.rtc_nrf_isr
                0x0000000000002918       0xd0 zephyr/drivers/timer/libdrivers__timer.a(nrf_rtc_timer.c.obj)
                0x0000000000002918                rtc_nrf_isr
 .text.compare_set.constprop.0.isra.0
                0x00000000000029e8      0x138 zephyr/drivers/timer/libdrivers__timer.a(nrf_rtc_timer.c.obj)
 .text.sys_clock_driver_init
                0x0000000000002b20       0x80 zephyr/drivers/timer/libdrivers__timer.a(nrf_rtc_timer.c.obj)
 .text.sys_clock_set_timeout
                0x0000000000002ba0       0x4c zephyr/drivers/timer/libdrivers__timer.a(nrf_rtc_timer.c.obj)
                0x0000000000002ba0                sys_clock_set_timeout
 .text.sys_clock_elapsed
                0x0000000000002bec       0x14 zephyr/drivers/timer/libdrivers__timer.a(nrf_rtc_timer.c.obj)
                0x0000000000002bec                sys_clock_elapsed
 .text.uicr_HFXOCNT_erased
                0x0000000000002c00       0x40 modules/hal_nordic/nrfx/libmodules__hal_nordic__nrfx.a(system_nrf91.c.obj)
 .text.uicr_HFXOSRC_erased
                0x0000000000002c40       0x3c modules/hal_nordic/nrfx/libmodules__hal_nordic__nrfx.a(system_nrf91.c.obj)
 .text.SystemInit
                0x0000000000002c7c      0x1bc modules/hal_nordic/nrfx/libmodules__hal_nordic__nrfx.a(system_nrf91.c.obj)
                0x0000000000002c7c                SystemInit
 .text.nrfx_flag32_alloc
                0x0000000000002e38       0x40 modules/hal_nordic/nrfx/libmodules__hal_nordic__nrfx.a(nrfx_flag32_allocator.c.obj)
                0x0000000000002e38                nrfx_flag32_alloc
 .text.nrfx_flag32_free
                0x0000000000002e78       0x38 modules/hal_nordic/nrfx/libmodules__hal_nordic__nrfx.a(nrfx_flag32_allocator.c.obj)
                0x0000000000002e78                nrfx_flag32_free
 .text.nrfx_gppi_channels_enable
                0x0000000000002eb0        0xc modules/hal_nordic/nrfx/libmodules__hal_nordic__nrfx.a(nrfx_gppi_dppi.c.obj)
                0x0000000000002eb0                nrfx_gppi_channels_enable
 .text.nrfx_gppi_event_endpoint_setup
                0x0000000000002ebc       0x30 modules/hal_nordic/nrfx/libmodules__hal_nordic__nrfx.a(nrfx_gppi_dppi.c.obj)
                0x0000000000002ebc                nrfx_gppi_event_endpoint_setup
 .text.nrfx_gppi_task_endpoint_setup
                0x0000000000002eec       0x30 modules/hal_nordic/nrfx/libmodules__hal_nordic__nrfx.a(nrfx_gppi_dppi.c.obj)
                0x0000000000002eec                nrfx_gppi_task_endpoint_setup
 .text.clock_stop
                0x0000000000002f1c       0xe4 modules/hal_nordic/nrfx/libmodules__hal_nordic__nrfx.a(nrfx_clock.c.obj)
 .text.nrfx_clock_init
                0x0000000000003000       0x20 modules/hal_nordic/nrfx/libmodules__hal_nordic__nrfx.a(nrfx_clock.c.obj)
                0x0000000000003000                nrfx_clock_init
 .text.nrfx_clock_enable
                0x0000000000003020       0x50 modules/hal_nordic/nrfx/libmodules__hal_nordic__nrfx.a(nrfx_clock.c.obj)
                0x0000000000003020                nrfx_clock_enable
 .text.nrfx_clock_start
                0x0000000000003070       0xec modules/hal_nordic/nrfx/libmodules__hal_nordic__nrfx.a(nrfx_clock.c.obj)
                0x0000000000003070                nrfx_clock_start
 .text.nrfx_clock_stop
                0x000000000000315c       0x38 modules/hal_nordic/nrfx/libmodules__hal_nordic__nrfx.a(nrfx_clock.c.obj)
                0x000000000000315c                nrfx_clock_stop
 .text.nrfx_power_clock_irq_handler
                0x0000000000003194       0x64 modules/hal_nordic/nrfx/libmodules__hal_nordic__nrfx.a(nrfx_clock.c.obj)
                0x0000000000003194                nrfx_power_clock_irq_handler
 .text.nrfx_dppi_channel_alloc
                0x00000000000031f8        0xc modules/hal_nordic/nrfx/libmodules__hal_nordic__nrfx.a(nrfx_dppi.c.obj)
                0x00000000000031f8                nrfx_dppi_channel_alloc
 .text.nrf_gpio_pin_port_decode
                0x0000000000003204       0x5c modules/hal_nordic/nrfx/libmodules__hal_nordic__nrfx.a(nrfx_gpiote.c.obj)
 .text.nrf_gpiote_in_event_get
                0x0000000000003260       0x34 modules/hal_nordic/nrfx/libmodules__hal_nordic__nrfx.a(nrfx_gpiote.c.obj)
 .text.call_handler.constprop.0
                0x0000000000003294       0x3c modules/hal_nordic/nrfx/libmodules__hal_nordic__nrfx.a(nrfx_gpiote.c.obj)
 .text.pin_is_output.constprop.0
                0x00000000000032d0       0x14 modules/hal_nordic/nrfx/libmodules__hal_nordic__nrfx.a(nrfx_gpiote.c.obj)
 .text.pin_in_use_by_te.constprop.0
                0x00000000000032e4       0x14 modules/hal_nordic/nrfx/libmodules__hal_nordic__nrfx.a(nrfx_gpiote.c.obj)
 .text.latch_pending_read_and_check
                0x00000000000032f8       0x1c modules/hal_nordic/nrfx/libmodules__hal_nordic__nrfx.a(nrfx_gpiote.c.obj)
 .text.release_handler.isra.0
                0x0000000000003314       0x80 modules/hal_nordic/nrfx/libmodules__hal_nordic__nrfx.a(nrfx_gpiote.c.obj)
 .text.__nrfy_internal_gpiote_events_process.constprop.0
                0x0000000000003394       0x64 modules/hal_nordic/nrfx/libmodules__hal_nordic__nrfx.a(nrfx_gpiote.c.obj)
 .text.pin_trigger_disable
                0x00000000000033f8       0x50 modules/hal_nordic/nrfx/libmodules__hal_nordic__nrfx.a(nrfx_gpiote.c.obj)
 .text.pin_uninit
                0x0000000000003448       0x7c modules/hal_nordic/nrfx/libmodules__hal_nordic__nrfx.a(nrfx_gpiote.c.obj)
 .text.nrfx_gpiote_input_configure
                0x00000000000034c4      0x164 modules/hal_nordic/nrfx/libmodules__hal_nordic__nrfx.a(nrfx_gpiote.c.obj)
                0x00000000000034c4                nrfx_gpiote_input_configure
 .text.nrfx_gpiote_output_configure
                0x0000000000003628       0xfc modules/hal_nordic/nrfx/libmodules__hal_nordic__nrfx.a(nrfx_gpiote.c.obj)
                0x0000000000003628                nrfx_gpiote_output_configure
 .text.nrfx_gpiote_global_callback_set
                0x0000000000003724        0xc modules/hal_nordic/nrfx/libmodules__hal_nordic__nrfx.a(nrfx_gpiote.c.obj)
                0x0000000000003724                nrfx_gpiote_global_callback_set
 .text.nrfx_gpiote_channel_get
                0x0000000000003730       0x54 modules/hal_nordic/nrfx/libmodules__hal_nordic__nrfx.a(nrfx_gpiote.c.obj)
                0x0000000000003730                nrfx_gpiote_channel_get
 .text.nrfx_gpiote_init
                0x0000000000003784       0xa0 modules/hal_nordic/nrfx/libmodules__hal_nordic__nrfx.a(nrfx_gpiote.c.obj)
                0x0000000000003784                nrfx_gpiote_init
 .text.nrfx_gpiote_init_check
                0x0000000000003824       0x14 modules/hal_nordic/nrfx/libmodules__hal_nordic__nrfx.a(nrfx_gpiote.c.obj)
                0x0000000000003824                nrfx_gpiote_init_check
 .text.nrfx_gpiote_channel_free
                0x0000000000003838        0xc modules/hal_nordic/nrfx/libmodules__hal_nordic__nrfx.a(nrfx_gpiote.c.obj)
                0x0000000000003838                nrfx_gpiote_channel_free
 .text.nrfx_gpiote_channel_alloc
                0x0000000000003844        0xc modules/hal_nordic/nrfx/libmodules__hal_nordic__nrfx.a(nrfx_gpiote.c.obj)
                0x0000000000003844                nrfx_gpiote_channel_alloc
 .text.nrfx_gpiote_trigger_enable
                0x0000000000003850       0xec modules/hal_nordic/nrfx/libmodules__hal_nordic__nrfx.a(nrfx_gpiote.c.obj)
                0x0000000000003850                nrfx_gpiote_trigger_enable
 .text.nrfx_gpiote_0_irq_handler
                0x000000000000393c      0x15c modules/hal_nordic/nrfx/libmodules__hal_nordic__nrfx.a(nrfx_gpiote.c.obj)
                0x000000000000393c                nrfx_gpiote_0_irq_handler
 .text.z_device_state_init
                0x0000000000003a98       0x44 zephyr/kernel/libkernel.a(device.c.obj)
                0x0000000000003a98                z_device_state_init
 .text.z_fatal_error
                0x0000000000003adc       0x60 zephyr/kernel/libkernel.a(fatal.c.obj)
                0x0000000000003adc                z_fatal_error
 .text.z_sys_init_run_level
                0x0000000000003b3c       0x2c zephyr/kernel/libkernel.a(init.c.obj)
 .text.bg_thread_main
                0x0000000000003b68      0x10c zephyr/kernel/libkernel.a(init.c.obj)
 .text.z_bss_zero
                0x0000000000003c74       0x18 zephyr/kernel/libkernel.a(init.c.obj)
                0x0000000000003c74                z_bss_zero
 .text.z_init_cpu
                0x0000000000003c8c       0x68 zephyr/kernel/libkernel.a(init.c.obj)
                0x0000000000003c8c                z_init_cpu
 .text.z_cstart
                0x0000000000003cf4       0xe0 zephyr/kernel/libkernel.a(init.c.obj)
                0x0000000000003cf4                z_cstart
 .text.idle     0x0000000000003dd4       0x48 zephyr/kernel/libkernel.a(idle.c.obj)
                0x0000000000003dd4                idle
 .text.unpend_thread_no_timeout
                0x0000000000003e1c       0x40 zephyr/kernel/libkernel.a(queue.c.obj)
 .text.queue_insert
                0x0000000000003e5c      0x17c zephyr/kernel/libkernel.a(queue.c.obj)
 .text.z_impl_k_queue_get
                0x0000000000003fd8       0xd8 zephyr/kernel/libkernel.a(queue.c.obj)
                0x0000000000003fd8                z_impl_k_queue_get
 .text.unpend_thread_no_timeout
                0x00000000000040b0       0x40 zephyr/kernel/libkernel.a(sem.c.obj)
 .text.z_impl_k_sem_give
                0x00000000000040f0       0xf8 zephyr/kernel/libkernel.a(sem.c.obj)
                0x00000000000040f0                z_impl_k_sem_give
 .text.z_impl_k_sem_take
                0x00000000000041e8       0xf4 zephyr/kernel/libkernel.a(sem.c.obj)
                0x00000000000041e8                z_impl_k_sem_take
 .text.z_setup_new_thread
                0x00000000000042dc       0xc8 zephyr/kernel/libkernel.a(thread.c.obj)
                0x00000000000042dc                z_setup_new_thread
 .text.unready_thread
                0x00000000000043a4       0xa4 zephyr/kernel/libkernel.a(sched.c.obj)
 .text.unpend_thread_no_timeout
                0x0000000000004448       0x38 zephyr/kernel/libkernel.a(sched.c.obj)
 .text.ready_thread
                0x0000000000004480       0xdc zephyr/kernel/libkernel.a(sched.c.obj)
 .text.z_thread_halt
                0x000000000000455c      0x1bc zephyr/kernel/libkernel.a(sched.c.obj)
 .text.move_thread_to_end_of_prio_q
                0x0000000000004718       0xf8 zephyr/kernel/libkernel.a(sched.c.obj)
                0x0000000000004718                move_thread_to_end_of_prio_q
 .text.z_ready_thread
                0x0000000000004810       0x8c zephyr/kernel/libkernel.a(sched.c.obj)
                0x0000000000004810                z_ready_thread
 .text.z_impl_k_thread_suspend
                0x000000000000489c       0xa0 zephyr/kernel/libkernel.a(sched.c.obj)
                0x000000000000489c                z_impl_k_thread_suspend
 .text.z_unpend_thread_no_timeout
                0x000000000000493c       0x90 zephyr/kernel/libkernel.a(sched.c.obj)
                0x000000000000493c                z_unpend_thread_no_timeout
 .text.z_sched_wake_thread
                0x00000000000049cc       0xb0 zephyr/kernel/libkernel.a(sched.c.obj)
                0x00000000000049cc                z_sched_wake_thread
 .text.z_pend_curr
                0x0000000000004a7c      0x10c zephyr/kernel/libkernel.a(sched.c.obj)
                0x0000000000004a7c                z_pend_curr
 .text.z_reschedule
                0x0000000000004b88       0x8c zephyr/kernel/libkernel.a(sched.c.obj)
                0x0000000000004b88                z_reschedule
 .text.z_sched_start
                0x0000000000004c14       0xa4 zephyr/kernel/libkernel.a(sched.c.obj)
                0x0000000000004c14                z_sched_start
 .text.z_reschedule_irqlock
                0x0000000000004cb8       0x28 zephyr/kernel/libkernel.a(sched.c.obj)
                0x0000000000004cb8                z_reschedule_irqlock
 .text.k_sched_lock
                0x0000000000004ce0       0xdc zephyr/kernel/libkernel.a(sched.c.obj)
                0x0000000000004ce0                k_sched_lock
 .text.k_sched_unlock
                0x0000000000004dbc      0x120 zephyr/kernel/libkernel.a(sched.c.obj)
                0x0000000000004dbc                k_sched_unlock
 .text.z_sched_init
                0x0000000000004edc       0x10 zephyr/kernel/libkernel.a(sched.c.obj)
                0x0000000000004edc                z_sched_init
 .text.z_impl_k_yield
                0x0000000000004eec      0x158 zephyr/kernel/libkernel.a(sched.c.obj)
                0x0000000000004eec                z_impl_k_yield
 .text.z_tick_sleep
                0x0000000000005044      0x144 zephyr/kernel/libkernel.a(sched.c.obj)
 .text.z_impl_k_sleep
                0x0000000000005188       0x6c zephyr/kernel/libkernel.a(sched.c.obj)
                0x0000000000005188                z_impl_k_sleep
 .text.z_impl_k_sched_current_thread_query
                0x00000000000051f4        0xc zephyr/kernel/libkernel.a(sched.c.obj)
                0x00000000000051f4                z_impl_k_sched_current_thread_query
 .text.z_thread_abort
                0x0000000000005200       0xdc zephyr/kernel/libkernel.a(sched.c.obj)
                0x0000000000005200                z_thread_abort
 .text.slice_timeout
                0x00000000000052dc       0x5c zephyr/kernel/libkernel.a(timeslicing.c.obj)
 .text.thread_is_sliceable
                0x0000000000005338       0x3c zephyr/kernel/libkernel.a(timeslicing.c.obj)
                0x0000000000005338                thread_is_sliceable
 .text.z_reset_time_slice
                0x0000000000005374       0x50 zephyr/kernel/libkernel.a(timeslicing.c.obj)
                0x0000000000005374                z_reset_time_slice
 .text.z_time_slice
                0x00000000000053c4       0xc8 zephyr/kernel/libkernel.a(timeslicing.c.obj)
                0x00000000000053c4                z_time_slice
 .text.z_spin_lock_valid
                0x000000000000548c       0x1c zephyr/kernel/libkernel.a(spinlock_validate.c.obj)
                0x000000000000548c                z_spin_lock_valid
 .text.z_spin_unlock_valid
                0x00000000000054a8       0x2c zephyr/kernel/libkernel.a(spinlock_validate.c.obj)
                0x00000000000054a8                z_spin_unlock_valid
 .text.z_spin_lock_set_owner
                0x00000000000054d4       0x10 zephyr/kernel/libkernel.a(spinlock_validate.c.obj)
                0x00000000000054d4                z_spin_lock_set_owner
 .text.z_data_copy
                0x00000000000054e4       0x34 zephyr/kernel/libkernel.a(xip.c.obj)
                0x00000000000054e4                z_data_copy
 .text.elapsed  0x0000000000005518       0x14 zephyr/kernel/libkernel.a(timeout.c.obj)
 .text.remove_timeout
                0x000000000000552c       0x38 zephyr/kernel/libkernel.a(timeout.c.obj)
 .text.next_timeout
                0x0000000000005564       0x40 zephyr/kernel/libkernel.a(timeout.c.obj)
 .text.z_add_timeout
                0x00000000000055a4      0x18c zephyr/kernel/libkernel.a(timeout.c.obj)
                0x00000000000055a4                z_add_timeout
 .text.z_abort_timeout
                0x0000000000005730       0x9c zephyr/kernel/libkernel.a(timeout.c.obj)
                0x0000000000005730                z_abort_timeout
 .text.sys_clock_announce
                0x00000000000057cc      0x15c zephyr/kernel/libkernel.a(timeout.c.obj)
                0x00000000000057cc                sys_clock_announce
 .text.sys_clock_tick_get
                0x0000000000005928       0x9c zephyr/kernel/libkernel.a(timeout.c.obj)
                0x0000000000005928                sys_clock_tick_get
 .text.z_heap_aligned_alloc
                0x00000000000059c4       0x68 zephyr/kernel/libkernel.a(mempool.c.obj)
 .text.k_aligned_alloc
                0x0000000000005a2c       0x6c zephyr/kernel/libkernel.a(mempool.c.obj)
                0x0000000000005a2c                k_aligned_alloc
 .text.k_thread_system_pool_assign
                0x0000000000005a98        0xc zephyr/kernel/libkernel.a(mempool.c.obj)
                0x0000000000005a98                k_thread_system_pool_assign
 .text.z_thread_aligned_alloc
                0x0000000000005aa4       0x30 zephyr/kernel/libkernel.a(mempool.c.obj)
                0x0000000000005aa4                z_thread_aligned_alloc
 .text.boot_banner
                0x0000000000005ad4        0xc zephyr/kernel/libkernel.a(banner.c.obj)
                0x0000000000005ad4                boot_banner
 .text.statics_init
                0x0000000000005ae0       0x50 zephyr/kernel/libkernel.a(kheap.c.obj)
 .text.k_heap_aligned_alloc
                0x0000000000005b30      0x13c zephyr/kernel/libkernel.a(kheap.c.obj)
                0x0000000000005b30                k_heap_aligned_alloc
 .text.k_heap_free
                0x0000000000005c6c       0xa8 zephyr/kernel/libkernel.a(kheap.c.obj)
                0x0000000000005c6c                k_heap_free
 .text.__l_vfprintf
                0x0000000000005d14      0x4b4 /opt/zephyr-sdk/arm-zephyr-eabi/bin/../lib/gcc/../../picolibc/arm-zephyr-eabi/lib/thumb/v8-m.main/nofp/libc.a(libc_tinystdio_vflprintf.c.o)
                0x0000000000005d14                __l_vfprintf
 .text._OffsetAbsSyms
                0x00000000000061c8        0x2 zephyr/CMakeFiles/offsets.dir/./arch/arm/core/offsets/offsets.c.obj
                0x00000000000061c8                _OffsetAbsSyms
 .text.chunk_size
                0x00000000000061ca        0xa zephyr/libzephyr.a(heap.c.obj)
 .text.free_list_add
                0x00000000000061d4       0x4e zephyr/libzephyr.a(heap.c.obj)
 .text.free_list_remove_bidx
                0x0000000000006222       0x3a zephyr/libzephyr.a(heap.c.obj)
 .text.free_list_remove
                0x000000000000625c       0x1a zephyr/libzephyr.a(heap.c.obj)
 .text.alloc_chunk
                0x0000000000006276       0x6e zephyr/libzephyr.a(heap.c.obj)
 .text.merge_chunks
                0x00000000000062e4       0x2c zephyr/libzephyr.a(heap.c.obj)
 .text.split_chunks
                0x0000000000006310       0x34 zephyr/libzephyr.a(heap.c.obj)
 .text.free_chunk
                0x0000000000006344       0x62 zephyr/libzephyr.a(heap.c.obj)
 .text.sys_heap_alloc
                0x00000000000063a6       0x52 zephyr/libzephyr.a(heap.c.obj)
                0x00000000000063a6                sys_heap_alloc
 .text.arch_printk_char_out
                0x00000000000063f8        0x4 zephyr/libzephyr.a(printk.c.obj)
                0x00000000000063f8                arch_printk_char_out
 .text.printk   0x00000000000063fc       0x1a zephyr/libzephyr.a(printk.c.obj)
                0x00000000000063fc                printk
 .text.assert_post_action
                0x0000000000006416       0x12 zephyr/libzephyr.a(assert.c.obj)
                0x0000000000006416                assert_post_action
 .text.assert_print
                0x0000000000006428       0x1a zephyr/libzephyr.a(assert.c.obj)
                0x0000000000006428                assert_print
 .text.process_recheck
                0x0000000000006442       0x38 zephyr/libzephyr.a(onoff.c.obj)
 .text.validate_args
                0x000000000000647a       0x20 zephyr/libzephyr.a(onoff.c.obj)
 .text.notify_one
                0x000000000000649a       0x2c zephyr/libzephyr.a(onoff.c.obj)
 .text.onoff_manager_init
                0x00000000000064c6       0x26 zephyr/libzephyr.a(onoff.c.obj)
                0x00000000000064c6                onoff_manager_init
 .text.sys_notify_validate
                0x00000000000064ec       0x22 zephyr/libzephyr.a(notify.c.obj)
                0x00000000000064ec                sys_notify_validate
 .text._ConfigAbsSyms
                0x000000000000650e        0x2 zephyr/libzephyr.a(configs.c.obj)
                0x000000000000650e                _ConfigAbsSyms
 .text.z_arm_fatal_error
                0x0000000000006510        0xc zephyr/arch/arch/arm/core/libarch__arm__core.a(fatal.c.obj)
                0x0000000000006510                z_arm_fatal_error
 .text.z_do_kernel_oops
                0x000000000000651c        0x8 zephyr/arch/arch/arm/core/libarch__arm__core.a(fatal.c.obj)
                0x000000000000651c                z_do_kernel_oops
 .text.z_arm_nmi
                0x0000000000006524        0xe zephyr/arch/arch/arm/core/libarch__arm__core.a(nmi.c.obj)
                0x0000000000006524                z_arm_nmi
 .text.z_irq_spurious
                0x0000000000006532        0x8 zephyr/arch/arch/arm/core/cortex_m/libarch__arm__core__cortex_m.a(irq_manage.c.obj)
                0x0000000000006532                z_irq_spurious
 .text.configure_builtin_stack_guard
                0x000000000000653a        0x8 zephyr/arch/arch/arm/core/cortex_m/libarch__arm__core__cortex_m.a(thread.c.obj)
                0x000000000000653a                configure_builtin_stack_guard
 .text.arch_irq_unlock_outlined
                0x0000000000006542        0xe zephyr/arch/arch/arm/core/cortex_m/libarch__arm__core__cortex_m.a(thread.c.obj)
                0x0000000000006542                arch_irq_unlock_outlined
 .text.arch_cpu_idle
                0x0000000000006550       0x1a zephyr/arch/arch/arm/core/cortex_m/libarch__arm__core__cortex_m.a(cpu_idle.c.obj)
                0x0000000000006550                arch_cpu_idle
 .text.arch_cpu_atomic_idle
                0x000000000000656a       0x1e zephyr/arch/arch/arm/core/cortex_m/libarch__arm__core__cortex_m.a(cpu_idle.c.obj)
                0x000000000000656a                arch_cpu_atomic_idle
 .text.arm_cmse_mpu_region_get
                0x0000000000006588       0x12 zephyr/arch/arch/arm/core/cortex_m/cmse/libarch__arm__core__cortex_m__cmse.a(arm_core_cmse.c.obj)
                0x0000000000006588                arm_cmse_mpu_region_get
 .text.mpu_configure_region
                0x000000000000659a       0x32 zephyr/arch/arch/arm/core/mpu/libarch__arm__core__mpu.a(arm_mpu.c.obj)
 .text.picolibc_put
                0x00000000000065cc        0xa zephyr/lib/libc/picolibc/liblib__libc__picolibc.a(libc-hooks.c.obj)
 .text.async_start
                0x00000000000065d6       0x5c zephyr/drivers/clock_control/libdrivers__clock_control.a(clock_control_nrf.c.obj)
 .text.api_start
                0x0000000000006632        0xe zephyr/drivers/clock_control/libdrivers__clock_control.a(clock_control_nrf.c.obj)
 .text.onoff_started_callback
                0x0000000000006640        0xc zephyr/drivers/clock_control/libdrivers__clock_control.a(clock_control_nrf.c.obj)
 .text.lfclk_start
                0x000000000000664c        0x6 zephyr/drivers/clock_control/libdrivers__clock_control.a(clock_control_nrf.c.obj)
 .text.lfclk_stop
                0x0000000000006652        0x6 zephyr/drivers/clock_control/libdrivers__clock_control.a(clock_control_nrf.c.obj)
 .text.blocking_start_callback
                0x0000000000006658        0x6 zephyr/drivers/clock_control/libdrivers__clock_control.a(clock_control_nrf.c.obj)
 .text.api_stop
                0x000000000000665e        0x6 zephyr/drivers/clock_control/libdrivers__clock_control.a(clock_control_nrf.c.obj)
 .text.gpio_nrfx_port_get_raw
                0x0000000000006664        0xc zephyr/drivers/gpio/libdrivers__gpio.a(gpio_nrfx.c.obj)
 .text.gpio_nrfx_port_set_masked_raw
                0x0000000000006670       0x14 zephyr/drivers/gpio/libdrivers__gpio.a(gpio_nrfx.c.obj)
 .text.gpio_nrfx_port_set_bits_raw
                0x0000000000006684        0xa zephyr/drivers/gpio/libdrivers__gpio.a(gpio_nrfx.c.obj)
 .text.gpio_nrfx_port_clear_bits_raw
                0x000000000000668e        0xa zephyr/drivers/gpio/libdrivers__gpio.a(gpio_nrfx.c.obj)
 .text.gpio_nrfx_port_toggle_bits
                0x0000000000006698       0x14 zephyr/drivers/gpio/libdrivers__gpio.a(gpio_nrfx.c.obj)
 .text.pinctrl_lookup_state
                0x00000000000066ac       0x26 zephyr/drivers/pinctrl/libdrivers__pinctrl.a(common.c.obj)
                0x00000000000066ac                pinctrl_lookup_state
 .text.uarte_nrfx_err_check
                0x00000000000066d2        0xe zephyr/drivers/serial/libdrivers__serial.a(uart_nrfx_uarte.c.obj)
 .text.uarte_nrfx_poll_in
                0x00000000000066e0       0x26 zephyr/drivers/serial/libdrivers__serial.a(uart_nrfx_uarte.c.obj)
 .text.is_tx_ready.isra.0
                0x0000000000006706       0x20 zephyr/drivers/serial/libdrivers__serial.a(uart_nrfx_uarte.c.obj)
 .text.uarte_nrfx_isr_int
                0x0000000000006726       0x42 zephyr/drivers/serial/libdrivers__serial.a(uart_nrfx_uarte.c.obj)
 .text.uarte_1_init
                0x0000000000006768       0x1e zephyr/drivers/serial/libdrivers__serial.a(uart_nrfx_uarte.c.obj)
 .text.uarte_0_init
                0x0000000000006786       0x1e zephyr/drivers/serial/libdrivers__serial.a(uart_nrfx_uarte.c.obj)
 .text.sys_clock_cycle_get_32
                0x00000000000067a4        0x8 zephyr/drivers/timer/libdrivers__timer.a(nrf_rtc_timer.c.obj)
                0x00000000000067a4                sys_clock_cycle_get_32
 .text.nrf91_errata_6
                0x00000000000067ac       0x1e modules/hal_nordic/nrfx/libmodules__hal_nordic__nrfx.a(system_nrf91.c.obj)
 .text.nrf91_errata_14
                0x00000000000067ca       0x24 modules/hal_nordic/nrfx/libmodules__hal_nordic__nrfx.a(system_nrf91.c.obj)
 .text.nrfx_isr
                0x00000000000067ee        0x2 modules/hal_nordic/nrfx/libmodules__hal_nordic__nrfx.a(nrfx_glue.c.obj)
                0x00000000000067ee                nrfx_isr
 .text.nrfx_busy_wait
                0x00000000000067f0        0x4 modules/hal_nordic/nrfx/libmodules__hal_nordic__nrfx.a(nrfx_glue.c.obj)
                0x00000000000067f0                nrfx_busy_wait
 .text.nrfx_gppi_channel_endpoints_setup
                0x00000000000067f4       0x16 modules/hal_nordic/nrfx/libmodules__hal_nordic__nrfx.a(nrfx_gppi_dppi.c.obj)
                0x00000000000067f4                nrfx_gppi_channel_endpoints_setup
 .text.nrfx_gppi_channel_alloc
                0x000000000000680a        0x4 modules/hal_nordic/nrfx/libmodules__hal_nordic__nrfx.a(nrfx_gppi_dppi.c.obj)
                0x000000000000680a                nrfx_gppi_channel_alloc
 .text.nrf_gpio_pin_present_check
                0x000000000000680e       0x14 modules/hal_nordic/nrfx/libmodules__hal_nordic__nrfx.a(nrfx_gpiote.c.obj)
 .text.nrf_gpio_reconfigure
                0x0000000000006822       0x9a modules/hal_nordic/nrfx/libmodules__hal_nordic__nrfx.a(nrfx_gpiote.c.obj)
 .text.nrf_gpio_cfg_sense_set
                0x00000000000068bc       0x1e modules/hal_nordic/nrfx/libmodules__hal_nordic__nrfx.a(nrfx_gpiote.c.obj)
 .text.pin_is_task_output.isra.0
                0x00000000000068da       0x16 modules/hal_nordic/nrfx/libmodules__hal_nordic__nrfx.a(nrfx_gpiote.c.obj)
 .text.nrfx_gpiote_pin_uninit
                0x00000000000068f0        0x4 modules/hal_nordic/nrfx/libmodules__hal_nordic__nrfx.a(nrfx_gpiote.c.obj)
                0x00000000000068f0                nrfx_gpiote_pin_uninit
 .text.nrfx_gpiote_trigger_disable
                0x00000000000068f4        0x4 modules/hal_nordic/nrfx/libmodules__hal_nordic__nrfx.a(nrfx_gpiote.c.obj)
                0x00000000000068f4                nrfx_gpiote_trigger_disable
 .text.z_impl_k_busy_wait
                0x00000000000068f8        0x8 zephyr/kernel/libkernel.a(busy_wait.c.obj)
                0x00000000000068f8                z_impl_k_busy_wait
 .text.z_impl_device_is_ready
                0x0000000000006900       0x16 zephyr/kernel/libkernel.a(device.c.obj)
                0x0000000000006900                z_impl_device_is_ready
 .text.arch_system_halt
                0x0000000000006916       0x10 zephyr/kernel/libkernel.a(fatal.c.obj)
                0x0000000000006916                arch_system_halt
 .text.k_sys_fatal_error_handler
                0x0000000000006926        0x6 zephyr/kernel/libkernel.a(fatal.c.obj)
                0x0000000000006926                k_sys_fatal_error_handler
 .text.do_device_init
                0x000000000000692c       0x30 zephyr/kernel/libkernel.a(init.c.obj)
 .text.z_early_memset
                0x000000000000695c        0x4 zephyr/kernel/libkernel.a(init.c.obj)
                0x000000000000695c                z_early_memset
 .text.z_early_memcpy
                0x0000000000006960        0x4 zephyr/kernel/libkernel.a(init.c.obj)
                0x0000000000006960                z_early_memcpy
 .text.z_init_static
                0x0000000000006964        0x2 zephyr/kernel/libkernel.a(init_static.c.obj)
                0x0000000000006964                z_init_static
 .text.z_queue_node_peek
                0x0000000000006966       0x18 zephyr/kernel/libkernel.a(queue.c.obj)
                0x0000000000006966                z_queue_node_peek
 .text.k_queue_append
                0x000000000000697e       0x16 zephyr/kernel/libkernel.a(queue.c.obj)
                0x000000000000697e                k_queue_append
 .text.k_is_in_isr
                0x0000000000006994        0xc zephyr/kernel/libkernel.a(thread.c.obj)
                0x0000000000006994                k_is_in_isr
 .text.z_impl_k_thread_start
                0x00000000000069a0        0x4 zephyr/kernel/libkernel.a(thread.c.obj)
                0x00000000000069a0                z_impl_k_thread_start
 .text.sys_dlist_remove
                0x00000000000069a4       0x10 zephyr/kernel/libkernel.a(sched.c.obj)
 .text.add_to_waitq_locked
                0x00000000000069b4       0x50 zephyr/kernel/libkernel.a(sched.c.obj)
 .text.z_thread_timeout
                0x0000000000006a04        0x8 zephyr/kernel/libkernel.a(sched.c.obj)
                0x0000000000006a04                z_thread_timeout
 .text.z_unpend_thread
                0x0000000000006a0c       0x14 zephyr/kernel/libkernel.a(sched.c.obj)
                0x0000000000006a0c                z_unpend_thread
 .text.z_unpend_all
                0x0000000000006a20       0x26 zephyr/kernel/libkernel.a(sched.c.obj)
                0x0000000000006a20                z_unpend_all
 .text.sys_clock_tick_get_32
                0x0000000000006a46        0x8 zephyr/kernel/libkernel.a(timeout.c.obj)
                0x0000000000006a46                sys_clock_tick_get_32
 .text.sys_timepoint_calc
                0x0000000000006a4e       0x48 zephyr/kernel/libkernel.a(timeout.c.obj)
                0x0000000000006a4e                sys_timepoint_calc
 .text.sys_timepoint_timeout
                0x0000000000006a96       0x42 zephyr/kernel/libkernel.a(timeout.c.obj)
                0x0000000000006a96                sys_timepoint_timeout
 .text.k_free   0x0000000000006ad8        0xe zephyr/kernel/libkernel.a(mempool.c.obj)
                0x0000000000006ad8                k_free
 .text.k_malloc
                0x0000000000006ae6        0x8 zephyr/kernel/libkernel.a(mempool.c.obj)
                0x0000000000006ae6                k_malloc
 .text.main     0x0000000000006aee        0x6 zephyr/kernel/libkernel.a(main_weak.c.obj)
                0x0000000000006aee                main
 .text.k_heap_init
                0x0000000000006af4       0x10 zephyr/kernel/libkernel.a(kheap.c.obj)
                0x0000000000006af4                k_heap_init
 .text.strnlen  0x0000000000006b04       0x18 /opt/zephyr-sdk/arm-zephyr-eabi/bin/../lib/gcc/../../picolibc/arm-zephyr-eabi/lib/thumb/v8-m.main/nofp/libc.a(libc_string_strnlen.c.o)
                0x0000000000006b04                strnlen
 .text.__ultoa_invert
                0x0000000000006b1c       0xac /opt/zephyr-sdk/arm-zephyr-eabi/bin/../lib/gcc/../../picolibc/arm-zephyr-eabi/lib/thumb/v8-m.main/nofp/libc.a(libc_tinystdio_vflprintf.c.o)
 .text.memcpy   0x0000000000006bc8       0x1a /opt/zephyr-sdk/arm-zephyr-eabi/bin/../lib/gcc/../../picolibc/arm-zephyr-eabi/lib/thumb/v8-m.main/nofp/libc.a(memcpy.c.o)
                0x0000000000006bc8                memcpy
                0x0000000000006bc8                __aeabi_memcpy
                0x0000000000006bc8                __aeabi_memcpy4
                0x0000000000006bc8                __aeabi_memcpy8
 .text.memset   0x0000000000006be2       0x10 /opt/zephyr-sdk/arm-zephyr-eabi/bin/../lib/gcc/../../picolibc/arm-zephyr-eabi/lib/thumb/v8-m.main/nofp/libc.a(memset.c.o)
                0x0000000000006be2                memset
 *(SORT_BY_ALIGNMENT(.TEXT.*))
 *fill*         0x0000000000006bf2        0x2 
 .TEXT.__aeabi_read_tp
                0x0000000000006bf4        0xc zephyr/arch/arch/arm/core/cortex_m/libarch__arm__core__cortex_m.a(__aeabi_read_tp.S.obj)
                0x0000000000006bf4                __aeabi_read_tp
 *(SORT_BY_ALIGNMENT(.gnu.linkonce.t.*))
 *(SORT_BY_ALIGNMENT(.glue_7t))
 .glue_7t       0x0000000000006c00        0x0 linker stubs
 *(SORT_BY_ALIGNMENT(.glue_7))
 .glue_7        0x0000000000006c00        0x0 linker stubs
 *(SORT_BY_ALIGNMENT(.vfp11_veneer))
 .vfp11_veneer  0x0000000000006c00        0x0 linker stubs
 *(SORT_BY_ALIGNMENT(.v4_bx))
 .v4_bx         0x0000000000006c00        0x0 linker stubs
                0x0000000000006c00                . = ALIGN (0x4)
                0x0000000000006c00                __text_region_end = .

.ARM.exidx      0x0000000000006c00        0x8
                0x0000000000006c00                __exidx_start = .
 *(SORT_BY_ALIGNMENT(.ARM.exidx*) SORT_BY_ALIGNMENT(gnu.linkonce.armexidx.*))
 .ARM.exidx     0x0000000000006c00        0x8 /opt/zephyr-sdk/arm-zephyr-eabi/bin/../lib/gcc/arm-zephyr-eabi/12.2.0/thumb/v8-m.main/nofp/libgcc.a(_udivmoddi4.o)
                0x0000000000006c08                __exidx_end = .
                0x0000000000006c08                __rodata_region_start = .

initlevel       0x0000000000006c08       0x48
                0x0000000000006c08                __init_start = .
                0x0000000000006c08                __init_EARLY_start = .
 *(SORT_BY_NAME(SORT_BY_ALIGNMENT(.z_init_EARLY?_*)))
 *(SORT_BY_NAME(SORT_BY_ALIGNMENT(.z_init_EARLY??_*)))
                0x0000000000006c08                __init_PRE_KERNEL_1_start = .
 *(SORT_BY_NAME(SORT_BY_ALIGNMENT(.z_init_PRE_KERNEL_1?_*)))
 .z_init_PRE_KERNEL_10_0_
                0x0000000000006c08        0x8 zephyr/soc/soc/nrf9161/libsoc__nordic.a(soc.c.obj)
 *(SORT_BY_NAME(SORT_BY_ALIGNMENT(.z_init_PRE_KERNEL_1??_*)))
 .z_init_PRE_KERNEL_130_00067_
                0x0000000000006c10        0x8 zephyr/drivers/clock_control/libdrivers__clock_control.a(clock_control_nrf.c.obj)
 .z_init_PRE_KERNEL_130_0_
                0x0000000000006c18        0x8 zephyr/kernel/libkernel.a(kheap.c.obj)
 .z_init_PRE_KERNEL_140_00010_
                0x0000000000006c20        0x8 zephyr/drivers/gpio/libdrivers__gpio.a(gpio_nrfx.c.obj)
 .z_init_PRE_KERNEL_150_00093_
                0x0000000000006c28        0x8 zephyr/drivers/serial/libdrivers__serial.a(uart_nrfx_uarte.c.obj)
 .z_init_PRE_KERNEL_150_00094_
                0x0000000000006c30        0x8 zephyr/drivers/serial/libdrivers__serial.a(uart_nrfx_uarte.c.obj)
 .z_init_PRE_KERNEL_160_0_
                0x0000000000006c38        0x8 zephyr/drivers/console/libdrivers__console.a(uart_console.c.obj)
                0x0000000000006c40                __init_PRE_KERNEL_2_start = .
 *(SORT_BY_NAME(SORT_BY_ALIGNMENT(.z_init_PRE_KERNEL_2?_*)))
 .z_init_PRE_KERNEL_20_0_
                0x0000000000006c40        0x8 zephyr/drivers/timer/libdrivers__timer.a(nrf_rtc_timer.c.obj)
 *(SORT_BY_NAME(SORT_BY_ALIGNMENT(.z_init_PRE_KERNEL_2??_*)))
                0x0000000000006c48                __init_POST_KERNEL_start = .
 *(SORT_BY_NAME(SORT_BY_ALIGNMENT(.z_init_POST_KERNEL?_*)))
 *(SORT_BY_NAME(SORT_BY_ALIGNMENT(.z_init_POST_KERNEL??_*)))
 .z_init_POST_KERNEL35_0_
                0x0000000000006c48        0x8 zephyr/lib/libc/common/liblib__libc__common.a(malloc.c.obj)
                0x0000000000006c50                __init_APPLICATION_start = .
 *(SORT_BY_NAME(SORT_BY_ALIGNMENT(.z_init_APPLICATION?_*)))
 *(SORT_BY_NAME(SORT_BY_ALIGNMENT(.z_init_APPLICATION??_*)))
                0x0000000000006c50                __init_SMP_start = .
 *(SORT_BY_NAME(SORT_BY_ALIGNMENT(.z_init_SMP?_*)))
 *(SORT_BY_NAME(SORT_BY_ALIGNMENT(.z_init_SMP??_*)))
                0x0000000000006c50                __init_end = .
                0x0000000000006c50                __deferred_init_list_start = .
 *(SORT_BY_ALIGNMENT(.z_deferred_init*))
                0x0000000000006c50                __deferred_init_list_end = .

device_area     0x0000000000006c50       0x50
                0x0000000000006c50                _device_list_start = .
 *(SORT_BY_NAME(SORT_BY_ALIGNMENT(._device.static.*_?_*)))
 *(SORT_BY_NAME(SORT_BY_ALIGNMENT(._device.static.*_??_*)))
 ._device.static.1_30_
                0x0000000000006c50       0x14 zephyr/drivers/clock_control/libdrivers__clock_control.a(clock_control_nrf.c.obj)
                0x0000000000006c50                __device_dts_ord_67
 ._device.static.1_40_
                0x0000000000006c64       0x14 zephyr/drivers/gpio/libdrivers__gpio.a(gpio_nrfx.c.obj)
                0x0000000000006c64                __device_dts_ord_10
 ._device.static.1_50_
                0x0000000000006c78       0x28 zephyr/drivers/serial/libdrivers__serial.a(uart_nrfx_uarte.c.obj)
                0x0000000000006c78                __device_dts_ord_94
                0x0000000000006c8c                __device_dts_ord_93
                0x0000000000006ca0                _device_list_end = .

sw_isr_table    0x0000000000006ca0      0x208
                0x0000000000006ca0                . = ALIGN (0x4)
 *(SORT_BY_ALIGNMENT(.gnu.linkonce.sw_isr_table*))
 .gnu.linkonce.sw_isr_table
                0x0000000000006ca0      0x208 zephyr/arch/common/libisr_tables.a(isr_tables.c.obj)
                0x0000000000006ca0                _sw_isr_table

initlevel_error
                0x0000000000006c08        0x0
 *(SORT_BY_NAME(SORT_BY_ALIGNMENT(.z_init_[_A-Z0-9]*)))
                0x0000000000000001                ASSERT ((SIZEOF (initlevel_error) == 0x0), Undefined initialization levels used.)

app_shmem_regions
                0x0000000000006ea8        0x0
                0x0000000000006ea8                __app_shmem_regions_start = .
 *(SORT_BY_NAME(SORT_BY_ALIGNMENT(.app_regions.*)))
                0x0000000000006ea8                __app_shmem_regions_end = .

k_p4wq_initparam_area
                0x0000000000006ea8        0x0
                0x0000000000006ea8                _k_p4wq_initparam_list_start = .
 *(SORT_BY_NAME(SORT_BY_ALIGNMENT(._k_p4wq_initparam.static.*)))
                0x0000000000006ea8                _k_p4wq_initparam_list_end = .

_static_thread_data_area
                0x0000000000006ea8       0xc0
                0x0000000000006ea8                __static_thread_data_list_start = .
 *(SORT_BY_NAME(SORT_BY_ALIGNMENT(.__static_thread_data.static.*)))
 .__static_thread_data.static._k_thread_data_blink0_id_
                0x0000000000006ea8       0x30 app/libapp.a(main.c.obj)
                0x0000000000006ea8                _k_thread_data_blink0_id
 .__static_thread_data.static._k_thread_data_blink1_id_
                0x0000000000006ed8       0x30 app/libapp.a(main.c.obj)
                0x0000000000006ed8                _k_thread_data_blink1_id
 .__static_thread_data.static._k_thread_data_btn_id_
                0x0000000000006f08       0x30 app/libapp.a(main.c.obj)
                0x0000000000006f08                _k_thread_data_btn_id
 .__static_thread_data.static._k_thread_data_uart_out_id_
                0x0000000000006f38       0x30 app/libapp.a(main.c.obj)
                0x0000000000006f38                _k_thread_data_uart_out_id
                0x0000000000006f68                __static_thread_data_list_end = .

device_deps     0x0000000000006f68        0x0
                0x0000000000006f68                __device_deps_start = .
 *(SORT_BY_NAME(SORT_BY_ALIGNMENT(.__device_deps_pass2*)))
                0x0000000000006f68                __device_deps_end = .

ztest           0x0000000000006f68        0x0
                0x0000000000006f68                _ztest_expected_result_entry_list_start = .
 *(SORT_BY_NAME(SORT_BY_ALIGNMENT(._ztest_expected_result_entry.static.*)))
                0x0000000000006f68                _ztest_expected_result_entry_list_end = .
                0x0000000000006f68                _ztest_suite_node_list_start = .
 *(SORT_BY_NAME(SORT_BY_ALIGNMENT(._ztest_suite_node.static.*)))
                0x0000000000006f68                _ztest_suite_node_list_end = .
                0x0000000000006f68                _ztest_unit_test_list_start = .
 *(SORT_BY_NAME(SORT_BY_ALIGNMENT(._ztest_unit_test.static.*)))
                0x0000000000006f68                _ztest_unit_test_list_end = .
                0x0000000000006f68                _ztest_test_rule_list_start = .
 *(SORT_BY_NAME(SORT_BY_ALIGNMENT(._ztest_test_rule.static.*)))
                0x0000000000006f68                _ztest_test_rule_list_end = .

init_array      0x0000000000006f68        0x0
 *(SORT_BY_NAME(SORT_BY_ALIGNMENT(.ctors*)))
 *(SORT_BY_NAME(SORT_BY_ALIGNMENT(.init_array*)))
                0x0000000000000001                ASSERT ((SIZEOF (init_array) == 0x0), GNU-style constructors required but STATIC_INIT_GNU not enabled)

bt_l2cap_fixed_chan_area
                0x0000000000006f68        0x0
                0x0000000000006f68                _bt_l2cap_fixed_chan_list_start = .
 *(SORT_BY_NAME(SORT_BY_ALIGNMENT(._bt_l2cap_fixed_chan.static.*)))
                0x0000000000006f68                _bt_l2cap_fixed_chan_list_end = .

bt_gatt_service_static_area
                0x0000000000006f68        0x0
                0x0000000000006f68                _bt_gatt_service_static_list_start = .
 *(SORT_BY_NAME(SORT_BY_ALIGNMENT(._bt_gatt_service_static.static.*)))
                0x0000000000006f68                _bt_gatt_service_static_list_end = .

log_strings_area
                0x0000000000006f68        0x0
                0x0000000000006f68                _log_strings_list_start = .
 *(SORT_BY_NAME(SORT_BY_ALIGNMENT(._log_strings.static.*)))
                0x0000000000006f68                _log_strings_list_end = .

log_const_area  0x0000000000006f68        0x0
                0x0000000000006f68                _log_const_list_start = .
 *(SORT_BY_NAME(SORT_BY_ALIGNMENT(._log_const.static.*)))
                0x0000000000006f68                _log_const_list_end = .

log_backend_area
                0x0000000000006f68        0x0
                0x0000000000006f68                _log_backend_list_start = .
 *(SORT_BY_NAME(SORT_BY_ALIGNMENT(._log_backend.static.*)))
                0x0000000000006f68                _log_backend_list_end = .

log_link_area   0x0000000000006f68        0x0
                0x0000000000006f68                _log_link_list_start = .
 *(SORT_BY_NAME(SORT_BY_ALIGNMENT(._log_link.static.*)))
                0x0000000000006f68                _log_link_list_end = .

tracing_backend_area
                0x0000000000006f68        0x0
                0x0000000000006f68                _tracing_backend_list_start = .
 *(SORT_BY_NAME(SORT_BY_ALIGNMENT(._tracing_backend.static.*)))
                0x0000000000006f68                _tracing_backend_list_end = .

zephyr_dbg_info
 *(SORT_BY_ALIGNMENT(.dbg_thread_info))

intc_table_area
                0x0000000000006f68        0x0
                0x0000000000006f68                _intc_table_list_start = .
 *(SORT_BY_NAME(SORT_BY_ALIGNMENT(._intc_table.static.*)))
                0x0000000000006f68                _intc_table_list_end = .

symbol_to_keep  0x0000000000006f68        0x0
                0x0000000000006f68                __symbol_to_keep_start = .
 *(SORT_BY_NAME(SORT_BY_ALIGNMENT(.symbol_to_keep*)))
                0x0000000000006f68                __symbol_to_keep_end = .

shell_area      0x0000000000006f68        0x0
                0x0000000000006f68                _shell_list_start = .
 *(SORT_BY_NAME(SORT_BY_ALIGNMENT(._shell.static.*)))
                0x0000000000006f68                _shell_list_end = .

shell_root_cmds_area
                0x0000000000006f68        0x0
                0x0000000000006f68                _shell_root_cmds_list_start = .
 *(SORT_BY_NAME(SORT_BY_ALIGNMENT(._shell_root_cmds.static.*)))
                0x0000000000006f68                _shell_root_cmds_list_end = .

shell_subcmds_area
                0x0000000000006f68        0x0
                0x0000000000006f68                _shell_subcmds_list_start = .
 *(SORT_BY_NAME(SORT_BY_ALIGNMENT(._shell_subcmds.static.*)))
                0x0000000000006f68                _shell_subcmds_list_end = .

shell_dynamic_subcmds_area
                0x0000000000006f68        0x0
                0x0000000000006f68                _shell_dynamic_subcmds_list_start = .
 *(SORT_BY_NAME(SORT_BY_ALIGNMENT(._shell_dynamic_subcmds.static.*)))
                0x0000000000006f68                _shell_dynamic_subcmds_list_end = .

cfb_font_area   0x0000000000006f68        0x0
                0x0000000000006f68                _cfb_font_list_start = .
 *(SORT_BY_NAME(SORT_BY_ALIGNMENT(._cfb_font.static.*)))
                0x0000000000006f68                _cfb_font_list_end = .

tdata           0x0000000000006f68        0x0
 *(SORT_BY_ALIGNMENT(.tdata) SORT_BY_ALIGNMENT(.tdata.*) SORT_BY_ALIGNMENT(.gnu.linkonce.td.*))

tbss            0x0000000000006f68        0x4
 *(SORT_BY_ALIGNMENT(.tbss) SORT_BY_ALIGNMENT(.tbss.*) SORT_BY_ALIGNMENT(.gnu.linkonce.tb.*) SORT_BY_ALIGNMENT(.tcommon))
 .tbss.z_tls_current
                0x0000000000006f68        0x4 zephyr/libzephyr.a(thread_entry.c.obj)
                0x0000000000006f68                z_tls_current
                0x0000000000006f68                PROVIDE (__tdata_start = LOADADDR (tdata))
                0x0000000000000001                PROVIDE (__tdata_align = ALIGNOF (tdata))
                0x0000000000000000                PROVIDE (__tdata_size = (((SIZEOF (tdata) + __tdata_align) - 0x1) & ~ ((__tdata_align - 0x1))))
                [!provide]                        PROVIDE (__tdata_end = (__tdata_start + __tdata_size))
                0x0000000000000004                PROVIDE (__tbss_align = ALIGNOF (tbss))
                [!provide]                        PROVIDE (__tbss_start = ADDR (tbss))
                0x0000000000000004                PROVIDE (__tbss_size = (((SIZEOF (tbss) + __tbss_align) - 0x1) & ~ ((__tbss_align - 0x1))))
                [!provide]                        PROVIDE (__tbss_end = (__tbss_start + __tbss_size))
                [!provide]                        PROVIDE (__tls_start = __tdata_start)
                [!provide]                        PROVIDE (__tls_end = __tbss_end)
                [!provide]                        PROVIDE (__tls_size = (__tbss_end - __tdata_start))

rodata          0x0000000000006f70     0x196c
 *(SORT_BY_ALIGNMENT(.rodata))
 *(SORT_BY_ALIGNMENT(.rodata.*))
 .rodata.delay_machine_code.0
                0x0000000000006f70        0x6 zephyr/soc/soc/nrf9161/libsoc__nordic.a(soc.c.obj)
 *fill*         0x0000000000006f76        0x2 
 .rodata.led1   0x0000000000006f78        0xc app/libapp.a(main.c.obj)
 .rodata.led0   0x0000000000006f84        0xc app/libapp.a(main.c.obj)
 .rodata.mem_attr_region
                0x0000000000006f90        0x0 zephyr/libzephyr.a(mem_attr.c.obj)
 .rodata.static_regions
                0x0000000000006f90        0xc zephyr/arch/arch/arm/core/mpu/libarch__arm__core__mpu.a(arm_core_mpu.c.obj)
 .rodata.mpu_config
                0x0000000000006f9c        0x8 zephyr/arch/arch/arm/core/mpu/libarch__arm__core__mpu.a(arm_mpu_regions.c.obj)
                0x0000000000006f9c                mpu_config
 .rodata.mpu_regions
                0x0000000000006fa4       0x20 zephyr/arch/arch/arm/core/mpu/libarch__arm__core__mpu.a(arm_mpu_regions.c.obj)
 .rodata.transitions.0
                0x0000000000006fc4        0xc zephyr/drivers/clock_control/libdrivers__clock_control.a(clock_control_nrf.c.obj)
 .rodata.config
                0x0000000000006fd0       0x10 zephyr/drivers/clock_control/libdrivers__clock_control.a(clock_control_nrf.c.obj)
 .rodata.clock_control_api
                0x0000000000006fe0       0x1c zephyr/drivers/clock_control/libdrivers__clock_control.a(clock_control_nrf.c.obj)
 .rodata.gpio_nrfx_p0_cfg
                0x0000000000006ffc       0x18 zephyr/drivers/gpio/libdrivers__gpio.a(gpio_nrfx.c.obj)
 .rodata.gpio_nrfx_drv_api_funcs
                0x0000000000007014       0x24 zephyr/drivers/gpio/libdrivers__gpio.a(gpio_nrfx.c.obj)
 .rodata.uarte_1z_config
                0x0000000000007038       0x20 zephyr/drivers/serial/libdrivers__serial.a(uart_nrfx_uarte.c.obj)
 .rodata.__pinctrl_dev_config__device_dts_ord_94
                0x0000000000007058        0xc zephyr/drivers/serial/libdrivers__serial.a(uart_nrfx_uarte.c.obj)
 .rodata.__pinctrl_states__device_dts_ord_94
                0x0000000000007064        0x8 zephyr/drivers/serial/libdrivers__serial.a(uart_nrfx_uarte.c.obj)
 .rodata.__pinctrl_state_pins_0__device_dts_ord_94
                0x000000000000706c       0x10 zephyr/drivers/serial/libdrivers__serial.a(uart_nrfx_uarte.c.obj)
 .rodata.uarte_0z_config
                0x000000000000707c       0x20 zephyr/drivers/serial/libdrivers__serial.a(uart_nrfx_uarte.c.obj)
 .rodata.__pinctrl_dev_config__device_dts_ord_93
                0x000000000000709c        0xc zephyr/drivers/serial/libdrivers__serial.a(uart_nrfx_uarte.c.obj)
 .rodata.__pinctrl_states__device_dts_ord_93
                0x00000000000070a8        0x8 zephyr/drivers/serial/libdrivers__serial.a(uart_nrfx_uarte.c.obj)
 .rodata.__pinctrl_state_pins_0__device_dts_ord_93
                0x00000000000070b0       0x10 zephyr/drivers/serial/libdrivers__serial.a(uart_nrfx_uarte.c.obj)
 .rodata.uart_nrfx_uarte_driver_api
                0x00000000000070c0        0xc zephyr/drivers/serial/libdrivers__serial.a(uart_nrfx_uarte.c.obj)
 .rodata.levels.0
                0x00000000000070cc       0x18 zephyr/kernel/libkernel.a(init.c.obj)
 .rodata.z_impl_gpio_pin_configure.str1.1
                0x00000000000070e4      0x34c app/libapp.a(main.c.obj)
 .rodata.button_pressed.str1.1
                0x0000000000007430       0x16 app/libapp.a(main.c.obj)
 .rodata.uart_out.str1.1
                0x0000000000007446       0x1b app/libapp.a(main.c.obj)
 .rodata.btn.str1.1
                0x0000000000007461       0xc8 app/libapp.a(main.c.obj)
 .rodata.blink.str1.1
                0x0000000000007529       0x82 app/libapp.a(main.c.obj)
 .rodata.str1.1
                0x00000000000075ab       0x27 app/libapp.a(main.c.obj)
 .rodata.sys_heap_free.str1.1
                0x00000000000075d2       0xce zephyr/libzephyr.a(heap.c.obj)
                                         0xeb (size before relaxing)
 .rodata.sys_heap_aligned_alloc.str1.1
                0x00000000000076a0       0x38 zephyr/libzephyr.a(heap.c.obj)
 .rodata.sys_heap_init.str1.1
                0x00000000000076d8       0xbb zephyr/libzephyr.a(heap.c.obj)
 .rodata.process_event.str1.1
                0x0000000000007793      0x12a zephyr/libzephyr.a(onoff.c.obj)
                                        0x149 (size before relaxing)
 .rodata.sys_notify_finalize.str1.1
                0x00000000000078bd       0x26 zephyr/libzephyr.a(notify.c.obj)
                                         0x45 (size before relaxing)
 .rodata.mem_manage_fault.constprop.0.str1.1
                0x00000000000078e3       0xe0 zephyr/arch/arch/arm/core/cortex_m/libarch__arm__core__cortex_m.a(fault.c.obj)
                                         0xfd (size before relaxing)
 .rodata.z_arm_fault.str1.1
                0x00000000000079c3       0xa5 zephyr/arch/arch/arm/core/cortex_m/libarch__arm__core__cortex_m.a(fault.c.obj)
                                         0xa7 (size before relaxing)
 .rodata.z_arm_irq_priority_set.str1.1
                0x0000000000007a68       0x92 zephyr/arch/arch/arm/core/cortex_m/libarch__arm__core__cortex_m.a(irq_manage.c.obj)
                                         0xaf (size before relaxing)
 .rodata.arm_core_mpu_configure_static_mpu_regions.str1.1
                0x0000000000007afa       0x5b zephyr/arch/arch/arm/core/mpu/libarch__arm__core__mpu.a(arm_mpu.c.obj)
                                         0x7a (size before relaxing)
 .rodata.arm_core_mpu_mark_areas_for_dynamic_regions.str1.1
                0x0000000000007b55       0x2f zephyr/arch/arch/arm/core/mpu/libarch__arm__core__mpu.a(arm_mpu.c.obj)
 .rodata.z_arm_mpu_init.str1.1
                0x0000000000007b84       0xb3 zephyr/arch/arch/arm/core/mpu/libarch__arm__core__mpu.a(arm_mpu.c.obj)
 .rodata.str1.1
                0x0000000000007c37        0xf zephyr/arch/arch/arm/core/mpu/libarch__arm__core__mpu.a(arm_mpu_regions.c.obj)
 .rodata.get_status.str1.1
                0x0000000000007c46       0x61 zephyr/drivers/clock_control/libdrivers__clock_control.a(clock_control_nrf.c.obj)
                                         0x7e (size before relaxing)
 .rodata.clock_event_handler.str1.1
                0x0000000000007ca7        0x2 zephyr/drivers/clock_control/libdrivers__clock_control.a(clock_control_nrf.c.obj)
 .rodata.z_nrf_clock_control_lf_on.str1.1
                0x0000000000007ca7        0x9 zephyr/drivers/clock_control/libdrivers__clock_control.a(clock_control_nrf.c.obj)
 .rodata.str1.1
                0x0000000000007cb0        0xb zephyr/drivers/clock_control/libdrivers__clock_control.a(clock_control_nrf.c.obj)
 .rodata.gpio_nrfx_manage_callback.str1.1
                0x0000000000007cbb       0x7d zephyr/drivers/gpio/libdrivers__gpio.a(gpio_nrfx.c.obj)
                                         0x9a (size before relaxing)
 .rodata.nrf_gpio_pin_port_decode.str1.1
                0x0000000000007d38       0x56 zephyr/drivers/gpio/libdrivers__gpio.a(gpio_nrfx.c.obj)
 .rodata.nrfx_gpio_handler.str1.1
                0x0000000000007d8e        0xc zephyr/drivers/gpio/libdrivers__gpio.a(gpio_nrfx.c.obj)
 .rodata.gpio_nrfx_pin_configure.str1.1
                0x0000000000007d9a       0x40 zephyr/drivers/gpio/libdrivers__gpio.a(gpio_nrfx.c.obj)
 .rodata.str1.1
                0x0000000000007dda        0xc zephyr/drivers/gpio/libdrivers__gpio.a(gpio_nrfx.c.obj)
 .rodata.nrf_gpio_pin_port_decode.str1.1
                0x0000000000007de6       0x73 zephyr/drivers/pinctrl/libdrivers__pinctrl.a(pinctrl_nrf.c.obj)
 .rodata.drive_modes
                0x0000000000007de6        0x8 zephyr/drivers/pinctrl/libdrivers__pinctrl.a(pinctrl_nrf.c.obj)
 .rodata.str1.1
                0x0000000000007dee       0x14 zephyr/drivers/serial/libdrivers__serial.a(uart_nrfx_uarte.c.obj)
 .rodata.CSWTCH.16
                0x0000000000007e02        0x3 modules/hal_nordic/nrfx/libmodules__hal_nordic__nrfx.a(system_nrf91.c.obj)
 .rodata.nrfx_gppi_channel_check.str1.1
                0x0000000000007e05       0x60 modules/hal_nordic/nrfx/libmodules__hal_nordic__nrfx.a(nrfx_gppi_dppi.c.obj)
                                         0x7d (size before relaxing)
 .rodata.nrfx_gppi_event_endpoint_setup.str1.1
                0x0000000000007e65       0x41 modules/hal_nordic/nrfx/libmodules__hal_nordic__nrfx.a(nrfx_gppi_dppi.c.obj)
 .rodata.nrfx_gppi_task_endpoint_setup.str1.1
                0x0000000000007ea6        0x4 modules/hal_nordic/nrfx/libmodules__hal_nordic__nrfx.a(nrfx_gppi_dppi.c.obj)
 .rodata.clock_stop.str1.1
                0x0000000000007eaa       0x71 modules/hal_nordic/nrfx/libmodules__hal_nordic__nrfx.a(nrfx_clock.c.obj)
                                         0x90 (size before relaxing)
 .rodata.nrfx_clock_enable.str1.1
                0x0000000000007f1b       0x1e modules/hal_nordic/nrfx/libmodules__hal_nordic__nrfx.a(nrfx_clock.c.obj)
 .rodata.nrf_gpio_pin_port_decode.str1.1
                0x0000000000007f39       0x75 modules/hal_nordic/nrfx/libmodules__hal_nordic__nrfx.a(nrfx_gpiote.c.obj)
 .rodata.nrf_gpiote_in_event_get.str1.1
                0x0000000000007f39       0x3f modules/hal_nordic/nrfx/libmodules__hal_nordic__nrfx.a(nrfx_gpiote.c.obj)
 .rodata.release_handler.isra.0.str1.1
                0x0000000000007f78       0x3e modules/hal_nordic/nrfx/libmodules__hal_nordic__nrfx.a(nrfx_gpiote.c.obj)
                                         0x52 (size before relaxing)
 .rodata.pin_in_event_get.isra.0.str1.1
                0x0000000000007fb6       0x3f modules/hal_nordic/nrfx/libmodules__hal_nordic__nrfx.a(nrfx_gpiote.c.obj)
 .rodata.nrfx_gpiote_channel_get.str1.1
                0x0000000000007ff5        0xa modules/hal_nordic/nrfx/libmodules__hal_nordic__nrfx.a(nrfx_gpiote.c.obj)
 .rodata.nrfx_gpiote_init.str1.1
                0x0000000000007fff       0x37 modules/hal_nordic/nrfx/libmodules__hal_nordic__nrfx.a(nrfx_gpiote.c.obj)
 .rodata.nrfx_gpiote_trigger_enable.str1.1
                0x0000000000008036        0xb modules/hal_nordic/nrfx/libmodules__hal_nordic__nrfx.a(nrfx_gpiote.c.obj)
 .rodata.z_device_state_init.str1.1
                0x0000000000008041       0x5a zephyr/kernel/libkernel.a(device.c.obj)
                                         0x77 (size before relaxing)
 .rodata.z_fatal_error.str1.1
                0x000000000000809b       0x74 zephyr/kernel/libkernel.a(fatal.c.obj)
                                         0x91 (size before relaxing)
 .rodata.bg_thread_main.str1.1
                0x000000000000810f       0x4e zephyr/kernel/libkernel.a(init.c.obj)
                                         0x8a (size before relaxing)
 .rodata.z_cstart.str1.1
                0x000000000000815d        0x5 zephyr/kernel/libkernel.a(init.c.obj)
 .rodata.idle.str1.1
                0x0000000000008162       0x49 zephyr/kernel/libkernel.a(idle.c.obj)
                                         0x66 (size before relaxing)
 .rodata.unpend_thread_no_timeout.str1.1
                0x00000000000081ab       0x42 zephyr/kernel/libkernel.a(queue.c.obj)
                                         0x5f (size before relaxing)
 .rodata.queue_insert.str1.1
                0x00000000000081ed       0x1b zephyr/kernel/libkernel.a(queue.c.obj)
                                         0x9f (size before relaxing)
 .rodata.unpend_thread_no_timeout.str1.1
                0x0000000000008208       0x5f zephyr/kernel/libkernel.a(sem.c.obj)
 .rodata.z_impl_k_sem_give.str1.1
                0x0000000000008208       0x9f zephyr/kernel/libkernel.a(sem.c.obj)
 .rodata.z_impl_k_sem_take.str1.1
                0x0000000000008208       0x6e zephyr/kernel/libkernel.a(sem.c.obj)
 .rodata.z_setup_new_thread.str1.1
                0x0000000000008276       0xd4 zephyr/kernel/libkernel.a(thread.c.obj)
                                         0xf1 (size before relaxing)
 .rodata.unready_thread.str1.1
                0x000000000000834a       0x96 zephyr/kernel/libkernel.a(sched.c.obj)
                                         0xb6 (size before relaxing)
 .rodata.unpend_thread_no_timeout.str1.1
                0x00000000000083e0       0x42 zephyr/kernel/libkernel.a(sched.c.obj)
 .rodata.z_thread_halt.str1.1
                0x00000000000083e0       0x2d zephyr/kernel/libkernel.a(sched.c.obj)
                                         0x86 (size before relaxing)
 .rodata.z_ready_thread.str1.1
                0x000000000000840d       0x2b zephyr/kernel/libkernel.a(sched.c.obj)
 .rodata.z_pend_curr.str1.1
                0x000000000000840d       0x39 zephyr/kernel/libkernel.a(sched.c.obj)
 .rodata.k_sched_lock.str1.1
                0x0000000000008446       0x43 zephyr/kernel/libkernel.a(sched.c.obj)
 .rodata.k_sched_unlock.str1.1
                0x0000000000008489       0x31 zephyr/kernel/libkernel.a(sched.c.obj)
 .rodata.z_tick_sleep.str1.1
                0x00000000000084ba       0x40 zephyr/kernel/libkernel.a(sched.c.obj)
 .rodata.z_thread_abort.str1.1
                0x00000000000084fa       0x1f zephyr/kernel/libkernel.a(sched.c.obj)
                                         0x21 (size before relaxing)
 .rodata.slice_timeout.str1.1
                0x0000000000008519      0x1d9 zephyr/kernel/libkernel.a(timeslicing.c.obj)
                                        0x1f6 (size before relaxing)
 .rodata.k_sched_time_slice_set.str1.1
                0x00000000000086f2       0x84 zephyr/kernel/libkernel.a(timeslicing.c.obj)
 .rodata.z_add_timeout.str1.1
                0x00000000000086f2       0x44 zephyr/kernel/libkernel.a(timeout.c.obj)
                                         0xe8 (size before relaxing)
 .rodata.z_heap_aligned_alloc.str1.1
                0x0000000000008736       0x7e zephyr/kernel/libkernel.a(mempool.c.obj)
                                         0x9b (size before relaxing)
 .rodata.k_aligned_alloc.str1.1
                0x00000000000087b4       0x6a zephyr/kernel/libkernel.a(mempool.c.obj)
                                         0xa2 (size before relaxing)
 .rodata.boot_banner.str1.1
                0x000000000000881e       0x2c zephyr/kernel/libkernel.a(banner.c.obj)
 .rodata.statics_init.str1.1
                0x000000000000884a       0x3b zephyr/kernel/libkernel.a(kheap.c.obj)
                                         0x77 (size before relaxing)
 .rodata.k_heap_aligned_alloc.str1.1
                0x0000000000008885       0x46 zephyr/kernel/libkernel.a(kheap.c.obj)
                                         0xcd (size before relaxing)
 .rodata.__l_vfprintf.str1.1
                0x00000000000088cb        0xf /opt/zephyr-sdk/arm-zephyr-eabi/bin/../lib/gcc/../../picolibc/arm-zephyr-eabi/lib/thumb/v8-m.main/nofp/libc.a(libc_tinystdio_vflprintf.c.o)
 *(SORT_BY_ALIGNMENT(.gnu.linkonce.r.*))
                0x00000000000088dc                . = ALIGN (0x4)
 *fill*         0x00000000000088da        0x2 
                0x00000000000088dc                __rodata_region_end = .
                0x00000000000088e0                . = ALIGN (_region_min_align)
                0x00000000000088e0                __rom_region_end = ((__rom_region_start + .) - ADDR (rom_start))

/DISCARD/
 *(SORT_BY_ALIGNMENT(.got.plt))
 *(SORT_BY_ALIGNMENT(.igot.plt))
 *(SORT_BY_ALIGNMENT(.got))
 *(SORT_BY_ALIGNMENT(.igot))
                0x0000000020000000                . = 0x20000000
                0x0000000020000000                . = ALIGN (_region_min_align)
                0x0000000020000000                _image_ram_start = .

.ramfunc        0x0000000020000000        0x0 load address 0x00000000000088dc
                0x0000000020000000                . = ALIGN (_region_min_align)
                0x0000000020000000                __ramfunc_start = .
 *(SORT_BY_ALIGNMENT(.ramfunc))
 *(SORT_BY_ALIGNMENT(.ramfunc.*))
                0x0000000020000000                . = ALIGN (_region_min_align)
                0x0000000020000000                __ramfunc_end = .
                0x0000000000000000                __ramfunc_size = (__ramfunc_end - __ramfunc_start)
                0x00000000000088dc                __ramfunc_load_start = LOADADDR (.ramfunc)

datas           0x0000000020000000       0x84 load address 0x00000000000088dc
                0x0000000020000000                __data_region_start = .
                0x0000000020000000                __data_start = .
 *(SORT_BY_ALIGNMENT(.data))
 *(SORT_BY_ALIGNMENT(.data.*))
 .data._char_out
                0x0000000020000000        0x4 zephyr/libzephyr.a(printk.c.obj)
 .data.__stdout
                0x0000000020000004       0x10 zephyr/lib/libc/picolibc/liblib__libc__picolibc.a(libc-hooks.c.obj)
 .data.m_allocated_channels
                0x0000000020000014        0x4 modules/hal_nordic/nrfx/libmodules__hal_nordic__nrfx.a(nrfx_dppi.c.obj)
 .data.m_cb     0x0000000020000018       0x64 modules/hal_nordic/nrfx/libmodules__hal_nordic__nrfx.a(nrfx_gpiote.c.obj)
 .data.timeout_list
                0x000000002000007c        0x8 zephyr/kernel/libkernel.a(timeout.c.obj)
 *(SORT_BY_ALIGNMENT(.kernel.*))
                0x0000000020000084                __data_end = .
                0x0000000000000084                __data_size = (__data_end - __data_start)
                0x00000000000088dc                __data_load_start = LOADADDR (datas)
                0x00000000000088dc                __data_region_load_start = LOADADDR (datas)

device_states   0x0000000020000084        0x8 load address 0x0000000000008960
                0x0000000020000084                __device_states_start = .
 *(SORT_BY_ALIGNMENT(.z_devstate))
 .z_devstate    0x0000000020000084        0x2 zephyr/drivers/clock_control/libdrivers__clock_control.a(clock_control_nrf.c.obj)
 .z_devstate    0x0000000020000086        0x2 zephyr/drivers/gpio/libdrivers__gpio.a(gpio_nrfx.c.obj)
 .z_devstate    0x0000000020000088        0x4 zephyr/drivers/serial/libdrivers__serial.a(uart_nrfx_uarte.c.obj)
 *(SORT_BY_ALIGNMENT(.z_devstate.*))
                0x000000002000008c                __device_states_end = .

log_mpsc_pbuf_area
                0x000000002000008c        0x0 load address 0x0000000000008968
                0x000000002000008c                _log_mpsc_pbuf_list_start = .
 *(SORT_BY_NAME(SORT_BY_ALIGNMENT(._log_mpsc_pbuf.static.*)))
                0x000000002000008c                _log_mpsc_pbuf_list_end = .

log_msg_ptr_area
                0x000000002000008c        0x0 load address 0x0000000000008968
                0x000000002000008c                _log_msg_ptr_list_start = .
 *(SORT_BY_NAME(SORT_BY_ALIGNMENT(._log_msg_ptr.static.*)))
                0x000000002000008c                _log_msg_ptr_list_end = .

log_dynamic_area
                0x000000002000008c        0x0 load address 0x0000000000008968
                0x000000002000008c                _log_dynamic_list_start = .
 *(SORT_BY_NAME(SORT_BY_ALIGNMENT(._log_dynamic.static.*)))
                0x000000002000008c                _log_dynamic_list_end = .

k_timer_area    0x000000002000008c        0x0 load address 0x0000000000008968
                0x000000002000008c                _k_timer_list_start = .
 *(SORT_BY_NAME(SORT_BY_ALIGNMENT(._k_timer.static.*)))
                0x000000002000008c                _k_timer_list_end = .

k_mem_slab_area
                0x000000002000008c        0x0 load address 0x0000000000008968
                0x000000002000008c                _k_mem_slab_list_start = .
 *(SORT_BY_NAME(SORT_BY_ALIGNMENT(._k_mem_slab.static.*)))
                0x000000002000008c                _k_mem_slab_list_end = .

k_heap_area     0x000000002000008c       0x18 load address 0x0000000000008968
                0x000000002000008c                _k_heap_list_start = .
 *(SORT_BY_NAME(SORT_BY_ALIGNMENT(._k_heap.static.*)))
 ._k_heap.static._system_heap_
                0x000000002000008c       0x18 zephyr/kernel/libkernel.a(mempool.c.obj)
                0x000000002000008c                _system_heap
                0x00000000200000a4                _k_heap_list_end = .

k_mutex_area    0x00000000200000a4        0x0 load address 0x0000000000008980
                0x00000000200000a4                _k_mutex_list_start = .
 *(SORT_BY_NAME(SORT_BY_ALIGNMENT(._k_mutex.static.*)))
                0x00000000200000a4                _k_mutex_list_end = .

k_stack_area    0x00000000200000a4        0x0 load address 0x0000000000008980
                0x00000000200000a4                _k_stack_list_start = .
 *(SORT_BY_NAME(SORT_BY_ALIGNMENT(._k_stack.static.*)))
                0x00000000200000a4                _k_stack_list_end = .

k_msgq_area     0x00000000200000a4        0x0 load address 0x0000000000008980
                0x00000000200000a4                _k_msgq_list_start = .
 *(SORT_BY_NAME(SORT_BY_ALIGNMENT(._k_msgq.static.*)))
                0x00000000200000a4                _k_msgq_list_end = .

k_mbox_area     0x00000000200000a4        0x0 load address 0x0000000000008980
                0x00000000200000a4                _k_mbox_list_start = .
 *(SORT_BY_NAME(SORT_BY_ALIGNMENT(._k_mbox.static.*)))
                0x00000000200000a4                _k_mbox_list_end = .

k_pipe_area     0x00000000200000a4        0x0 load address 0x0000000000008980
                0x00000000200000a4                _k_pipe_list_start = .
 *(SORT_BY_NAME(SORT_BY_ALIGNMENT(._k_pipe.static.*)))
                0x00000000200000a4                _k_pipe_list_end = .

k_sem_area      0x00000000200000a4        0x0 load address 0x0000000000008980
                0x00000000200000a4                _k_sem_list_start = .
 *(SORT_BY_NAME(SORT_BY_ALIGNMENT(._k_sem.static.*)))
                0x00000000200000a4                _k_sem_list_end = .

k_event_area    0x00000000200000a4        0x0 load address 0x0000000000008980
                0x00000000200000a4                _k_event_list_start = .
 *(SORT_BY_NAME(SORT_BY_ALIGNMENT(._k_event.static.*)))
                0x00000000200000a4                _k_event_list_end = .

k_queue_area    0x00000000200000a4        0x0 load address 0x0000000000008980
                0x00000000200000a4                _k_queue_list_start = .
 *(SORT_BY_NAME(SORT_BY_ALIGNMENT(._k_queue.static.*)))
                0x00000000200000a4                _k_queue_list_end = .

k_fifo_area     0x00000000200000a4       0x14 load address 0x0000000000008980
                0x00000000200000a4                _k_fifo_list_start = .
 *(SORT_BY_NAME(SORT_BY_ALIGNMENT(._k_fifo.static.*)))
 ._k_fifo.static.printk_fifo_
                0x00000000200000a4       0x14 app/libapp.a(main.c.obj)
                0x00000000200000a4                printk_fifo
                0x00000000200000b8                _k_fifo_list_end = .

k_lifo_area     0x00000000200000b8        0x0 load address 0x0000000000008994
                0x00000000200000b8                _k_lifo_list_start = .
 *(SORT_BY_NAME(SORT_BY_ALIGNMENT(._k_lifo.static.*)))
                0x00000000200000b8                _k_lifo_list_end = .

k_condvar_area  0x00000000200000b8        0x0 load address 0x0000000000008994
                0x00000000200000b8                _k_condvar_list_start = .
 *(SORT_BY_NAME(SORT_BY_ALIGNMENT(._k_condvar.static.*)))
                0x00000000200000b8                _k_condvar_list_end = .

sys_mem_blocks_ptr_area
                0x00000000200000b8        0x0 load address 0x0000000000008994
                0x00000000200000b8                _sys_mem_blocks_ptr_list_start = .
 *(SORT_BY_NAME(SORT_BY_ALIGNMENT(._sys_mem_blocks_ptr.static.*)))
                0x00000000200000b8                _sys_mem_blocks_ptr_list_end = .

net_buf_pool_area
                0x00000000200000b8        0x0 load address 0x0000000000008994
                0x00000000200000b8                _net_buf_pool_list_start = .
 *(SORT_BY_NAME(SORT_BY_ALIGNMENT(._net_buf_pool.static.*)))
                0x00000000200000b8                _net_buf_pool_list_end = .
                0x00000000200000b8                __data_region_end = .

bss             0x00000000200000b8      0x4df
                0x00000000200000b8                . = ALIGN (0x4)
                0x00000000200000b8                __bss_start = .
                0x00000000200000b8                __kernel_ram_start = .
 *(SORT_BY_ALIGNMENT(.bss))
 *(SORT_BY_ALIGNMENT(.bss.*))
 .bss._k_thread_obj_btn_id
                0x00000000200000b8       0x80 app/libapp.a(main.c.obj)
                0x00000000200000b8                _k_thread_obj_btn_id
 .bss._k_thread_obj_uart_out_id
                0x0000000020000138       0x80 app/libapp.a(main.c.obj)
                0x0000000020000138                _k_thread_obj_uart_out_id
 .bss._k_thread_obj_blink1_id
                0x00000000200001b8       0x80 app/libapp.a(main.c.obj)
                0x00000000200001b8                _k_thread_obj_blink1_id
 .bss._k_thread_obj_blink0_id
                0x0000000020000238       0x80 app/libapp.a(main.c.obj)
                0x0000000020000238                _k_thread_obj_blink0_id
 .bss.cc_data   0x00000000200002b8       0x10 zephyr/drivers/timer/libdrivers__timer.a(nrf_rtc_timer.c.obj)
 .bss.last_count
                0x00000000200002c8        0x8 zephyr/drivers/timer/libdrivers__timer.a(nrf_rtc_timer.c.obj)
 .bss.anchor    0x00000000200002d0        0x8 zephyr/drivers/timer/libdrivers__timer.a(nrf_rtc_timer.c.obj)
 .bss.z_idle_threads
                0x00000000200002d8       0x80 zephyr/kernel/libkernel.a(init.c.obj)
                0x00000000200002d8                z_idle_threads
 .bss.z_main_thread
                0x0000000020000358       0x80 zephyr/kernel/libkernel.a(init.c.obj)
                0x0000000020000358                z_main_thread
 .bss._thread_dummy
                0x00000000200003d8       0x80 zephyr/kernel/libkernel.a(sched.c.obj)
                0x00000000200003d8                _thread_dummy
 .bss.slice_timeouts
                0x0000000020000458       0x18 zephyr/kernel/libkernel.a(timeslicing.c.obj)
 .bss.curr_tick
                0x0000000020000470        0x8 zephyr/kernel/libkernel.a(timeout.c.obj)
 .bss.button_cb_data
                0x0000000020000478        0xc app/libapp.a(main.c.obj)
 .bss.z_arm_tls_ptr
                0x0000000020000484        0x4 zephyr/arch/arch/arm/core/libarch__arm__core.a(tls.c.obj)
                0x0000000020000484                z_arm_tls_ptr
 .bss.dyn_reg_info
                0x0000000020000488       0x14 zephyr/arch/arch/arm/core/mpu/libarch__arm__core__mpu.a(arm_mpu.c.obj)
 .bss._stdout_hook
                0x000000002000049c        0x4 zephyr/lib/libc/picolibc/liblib__libc__picolibc.a(libc-hooks.c.obj)
 .bss.z_malloc_heap
                0x00000000200004a0        0xc zephyr/lib/libc/common/liblib__libc__common.a(malloc.c.obj)
 .bss.cli.1     0x00000000200004ac       0x10 zephyr/drivers/clock_control/libdrivers__clock_control.a(clock_control_nrf.c.obj)
 .bss.on.2      0x00000000200004bc        0x4 zephyr/drivers/clock_control/libdrivers__clock_control.a(clock_control_nrf.c.obj)
 .bss.data      0x00000000200004c0       0x58 zephyr/drivers/clock_control/libdrivers__clock_control.a(clock_control_nrf.c.obj)
 .bss.hfclk_users
                0x0000000020000518        0x4 zephyr/drivers/clock_control/libdrivers__clock_control.a(clock_control_nrf.c.obj)
 .bss.gpio_nrfx_p0_data
                0x000000002000051c        0xc zephyr/drivers/gpio/libdrivers__gpio.a(gpio_nrfx.c.obj)
 .bss.uarte_1_data
                0x0000000020000528        0xc zephyr/drivers/serial/libdrivers__serial.a(uart_nrfx_uarte.c.obj)
 .bss.uarte_0_data
                0x0000000020000534        0xc zephyr/drivers/serial/libdrivers__serial.a(uart_nrfx_uarte.c.obj)
 .bss.force_isr_mask
                0x0000000020000540        0x4 zephyr/drivers/timer/libdrivers__timer.a(nrf_rtc_timer.c.obj)
 .bss.int_mask  0x0000000020000544        0x4 zephyr/drivers/timer/libdrivers__timer.a(nrf_rtc_timer.c.obj)
 .bss.overflow_cnt
                0x0000000020000548        0x4 zephyr/drivers/timer/libdrivers__timer.a(nrf_rtc_timer.c.obj)
 .bss.m_clock_cb
                0x000000002000054c        0x8 modules/hal_nordic/nrfx/libmodules__hal_nordic__nrfx.a(nrfx_clock.c.obj)
 .bss._kernel   0x0000000020000554       0x20 zephyr/kernel/libkernel.a(init.c.obj)
                0x0000000020000554                _kernel
 .bss.lock      0x0000000020000574        0x4 zephyr/kernel/libkernel.a(sem.c.obj)
 .bss._sched_spinlock
                0x0000000020000578        0x4 zephyr/kernel/libkernel.a(sched.c.obj)
                0x0000000020000578                _sched_spinlock